BL51 BANKED LINKER/LOCATER V6.22.2.0                                                    08/25/2021  13:28:12  PAGE 1


BL51 BANKED LINKER/LOCATER V6.22.2.0, INVOKED BY:
C:\KEIL_V5\C51\BIN\BL51.EXE .\list\main.obj, .\list\system_init.obj, .\list\Task.obj, .\list\APP.obj, .\list\APP_AD_UART
>> 2.obj, .\list\APP_INT_UART1.obj, .\list\APP_Lamp.obj, .\list\APP_RTC.obj, .\list\APP_I2C_PS.obj, .\list\APP_SPI_PS.ob
>> j, .\list\APP_WDT.obj, .\list\APP_EEPROM.obj, .\list\APP_PWMA_Output.obj, .\list\APP_PWMB_Output.obj, .\list\APP_PCA_
>> PWM.obj, .\list\APP_PCA_Capture.obj, .\list\APP_PWM15bit.obj, .\list\STC8G_H_ADC.obj, .\list\STC8G_H_Compare.obj, .\l
>> ist\STC8G_H_Delay.obj, .\list\STC8G_H_EEPROM.obj, .\list\STC8G_H_Exti.obj, .\list\STC8G_H_GPIO.obj, .\list\STC8G_H_I2
>> C.obj, .\list\STC8G_H_Timer.obj, .\list\STC8G_H_UART.obj, .\list\STC8G_PCA.obj, .\list\STC8G_PWM15bit.obj, .\list\STC
>> 8H_PWM.obj, .\list\STC8G_H_SPI.obj, .\list\STC8G_H_Soft_I2C.obj, .\list\STC8G_H_Soft_UART.obj, .\list\STC8G_H_WDT.obj
>> , .\list\STC8G_H_NVIC.obj, .\list\STC8G_H_ADC_Isr.obj, .\list\STC8G_H_Compare_Isr.obj, .\list\STC8G_H_Exti_Isr.obj, .
>> \list\STC8G_H_GPIO_Isr.obj, .\list\STC8G_H_I2C_Isr.obj, .\list\STC8G_H_Timer_Isr.obj, .\list\STC8G_H_UART_Isr.obj, .\
>> list\STC8G_PCA_Isr.obj, .\list\STC8G_PWM15bit_Isr.obj, .\list\STC8H_PWM_Isr.obj, .\list\STC8G_H_SPI_Isr.obj TO .\list
>> \STC8G-H-LIB PRINT (.\list\STC8G-H-LIB.m51) RAMSIZE (256)


MEMORY MODEL: LARGE


INPUT MODULES INCLUDED:
  .\list\main.obj (MAIN)
  .\list\system_init.obj (SYSTEM_INIT)
  .\list\Task.obj (TASK)
  .\list\APP.obj (APP)
  .\list\APP_AD_UART2.obj (APP_AD_UART2)
  .\list\APP_INT_UART1.obj (APP_INT_UART1)
  .\list\APP_Lamp.obj (APP_LAMP)
  .\list\APP_RTC.obj (APP_RTC)
  .\list\APP_I2C_PS.obj (APP_I2C_PS)
  .\list\APP_SPI_PS.obj (APP_SPI_PS)
  .\list\APP_WDT.obj (APP_WDT)
  .\list\APP_EEPROM.obj (APP_EEPROM)
  .\list\APP_PWMA_Output.obj (APP_PWMA_OUTPUT)
  .\list\APP_PWMB_Output.obj (APP_PWMB_OUTPUT)
  .\list\APP_PCA_PWM.obj (APP_PCA_PWM)
  .\list\APP_PCA_Capture.obj (APP_PCA_CAPTURE)
  .\list\APP_PWM15bit.obj (APP_PWM15BIT)
  .\list\STC8G_H_ADC.obj (STC8G_H_ADC)
  .\list\STC8G_H_Compare.obj (STC8G_H_COMPARE)
  .\list\STC8G_H_Delay.obj (STC8G_H_DELAY)
  .\list\STC8G_H_EEPROM.obj (STC8G_H_EEPROM)
  .\list\STC8G_H_Exti.obj (STC8G_H_EXTI)
  .\list\STC8G_H_GPIO.obj (STC8G_H_GPIO)
  .\list\STC8G_H_I2C.obj (STC8G_H_I2C)
  .\list\STC8G_H_Timer.obj (STC8G_H_TIMER)
  .\list\STC8G_H_UART.obj (STC8G_H_UART)
  .\list\STC8G_PCA.obj (STC8G_PCA)
  .\list\STC8G_PWM15bit.obj (STC8G_PWM15BIT)
  .\list\STC8H_PWM.obj (STC8H_PWM)
  .\list\STC8G_H_SPI.obj (STC8G_H_SPI)
  .\list\STC8G_H_Soft_I2C.obj (STC8G_H_SOFT_I2C)
  .\list\STC8G_H_Soft_UART.obj (STC8G_H_SOFT_UART)
  .\list\STC8G_H_WDT.obj (STC8G_H_WDT)
  .\list\STC8G_H_NVIC.obj (STC8G_H_NVIC)
  .\list\STC8G_H_ADC_Isr.obj (STC8G_H_ADC_ISR)
  .\list\STC8G_H_Compare_Isr.obj (STC8G_H_COMPARE_ISR)
  .\list\STC8G_H_Exti_Isr.obj (STC8G_H_EXTI_ISR)
  .\list\STC8G_H_GPIO_Isr.obj (STC8G_H_GPIO_ISR)
  .\list\STC8G_H_I2C_Isr.obj (STC8G_H_I2C_ISR)
  .\list\STC8G_H_Timer_Isr.obj (STC8G_H_TIMER_ISR)
BL51 BANKED LINKER/LOCATER V6.22.2.0                                                  08/25/2021  13:28:12  PAGE 2


  .\list\STC8G_H_UART_Isr.obj (STC8G_H_UART_ISR)
  .\list\STC8G_PCA_Isr.obj (STC8G_PCA_ISR)
  .\list\STC8G_PWM15bit_Isr.obj (STC8G_PWM15BIT_ISR)
  .\list\STC8H_PWM_Isr.obj (STC8H_PWM_ISR)
  .\list\STC8G_H_SPI_Isr.obj (STC8G_H_SPI_ISR)
  C:\KEIL_V5\C51\LIB\C51L.LIB (?C_STARTUP)
  C:\KEIL_V5\C51\LIB\C51L.LIB (?C?CLDPTR)
  C:\KEIL_V5\C51\LIB\C51L.LIB (?C?CLDOPTR)
  C:\KEIL_V5\C51\LIB\C51L.LIB (?C?CSTPTR)
  C:\KEIL_V5\C51\LIB\C51L.LIB (?C?UIDIV)
  C:\KEIL_V5\C51\LIB\C51L.LIB (?C?IILDX)
  C:\KEIL_V5\C51\LIB\C51L.LIB (?C?ILDIX)
  C:\KEIL_V5\C51\LIB\C51L.LIB (?C?ILDPTR)
  C:\KEIL_V5\C51\LIB\C51L.LIB (?C?ILDOPTR)
  C:\KEIL_V5\C51\LIB\C51L.LIB (?C?ULDIV)
  C:\KEIL_V5\C51\LIB\C51L.LIB (?C?SLCMP)
  C:\KEIL_V5\C51\LIB\C51L.LIB (?C?ULCMP)
  C:\KEIL_V5\C51\LIB\C51L.LIB (?C?ULSHR)
  C:\KEIL_V5\C51\LIB\C51L.LIB (?C?LLDOPTR0)
  C:\KEIL_V5\C51\LIB\C51L.LIB (?C?LSTXDATA)
  C:\KEIL_V5\C51\LIB\C51L.LIB (?C?LSTKXDATA)
  C:\KEIL_V5\C51\LIB\C51L.LIB (?C?ICALL)
  C:\KEIL_V5\C51\LIB\C51L.LIB (?C_INIT)
  C:\KEIL_V5\C51\LIB\C51L.LIB (?C?LLDIDATA0)
  C:\KEIL_V5\C51\LIB\C51L.LIB (?C?LLDXDATA0)
  C:\KEIL_V5\C51\LIB\C51L.LIB (?C?LLDPDATA0)
  C:\KEIL_V5\C51\LIB\C51L.LIB (?C?LLDCODE0)


LINK MAP OF MODULE:  .\list\STC8G-H-LIB (MAIN)


            TYPE    BASE      LENGTH    RELOCATION   SEGMENT NAME
            -----------------------------------------------------

            * * * * * * *   D A T A   M E M O R Y   * * * * * * *
            REG     0000H     0008H     ABSOLUTE     "REG BANK 0"
                    0008H     0018H                  *** GAP ***
            BIT     0020H.0   0000H.4   UNIT         ?BI?APP_PWMA_OUTPUT
            BIT     0020H.4   0000H.4   UNIT         ?BI?APP_PWMB_OUTPUT
            BIT     0021H.0   0000H.3   UNIT         ?BI?APP_PCA_PWM
            BIT     0021H.3   0000H.3   UNIT         ?BI?STC8G_PCA
            BIT     0021H.6   0000H.2   UNIT         ?BI?APP_PWM15BIT
            BIT     0022H.0   0000H.1   UNIT         ?BI?APP_PCA_CAPTURE
            BIT     0022H.1   0000H.1   UNIT         ?BI?STC8G_H_SPI
            BIT     0022H.2   0000H.1   UNIT         ?BI?STC8G_H_I2C_ISR
                    0022H.3   0000H.5                *** GAP ***
            IDATA   0023H     0001H     UNIT         ?STACK

            * * * * * * *  X D A T A   M E M O R Y  * * * * * * *
            XDATA   0000H     012EH     UNIT         ?XD?STC8G_H_UART
            XDATA   012EH     0081H     UNIT         ?XD?STC8G_H_SPI
            XDATA   01AFH     0064H     UNIT         ?XD?APP_EEPROM
            XDATA   0213H     0017H     UNIT         _XDATA_GROUP_
            XDATA   022AH     0014H     UNIT         ?XD?APP
            XDATA   023EH     0011H     UNIT         ?XD?TASK
            XDATA   024FH     0010H     UNIT         ?XD?SPI_PS_INIT?APP_SPI_PS
BL51 BANKED LINKER/LOCATER V6.22.2.0                                                  08/25/2021  13:28:12  PAGE 3


            XDATA   025FH     0010H     UNIT         ?XD?APP_PWMA_OUTPUT
            XDATA   026FH     0010H     UNIT         ?XD?APP_PWMB_OUTPUT
            XDATA   027FH     000FH     UNIT         ?XD?STC8G_PCA
            XDATA   028EH     000EH     UNIT         ?XD?PCA_CAPTURE_INIT?APP_PCA_CAPTURE
            XDATA   029CH     000CH     UNIT         ?XD?STC8G_PCA_ISR
            XDATA   02A8H     000AH     UNIT         ?XD?INTTOUART_INIT?APP_INT_UART1
            XDATA   02B2H     0009H     UNIT         ?XD?UART_CONFIG?SYSTEM_INIT
            XDATA   02BBH     0009H     UNIT         ?XD?EEPROM_INIT?APP_EEPROM
            XDATA   02C4H     0009H     UNIT         ?XD?PWMA_OUTPUT_INIT?APP_PWMA_OUTPUT
            XDATA   02CDH     0009H     UNIT         ?XD?PWMB_OUTPUT_INIT?APP_PWMB_OUTPUT
            XDATA   02D6H     0009H     UNIT         ?XD?PWM15BIT_INIT?APP_PWM15BIT
            XDATA   02DFH     0008H     UNIT         ?XD?STC8G_H_I2C
            XDATA   02E7H     0008H     UNIT         ?XD?_PWMCHANNELCTRL?STC8G_PWM15BIT
            XDATA   02EFH     0007H     UNIT         ?XD?SPI_CONFIG?SYSTEM_INIT
            XDATA   02F6H     0007H     UNIT         ?XD?CMP_CONFIG?SYSTEM_INIT
            XDATA   02FDH     0007H     UNIT         ?XD?_EEPROM_READ_N?STC8G_H_EEPROM
            XDATA   0304H     0007H     UNIT         ?XD?_EEPROM_WRITE_N?STC8G_H_EEPROM
            XDATA   030BH     0006H     UNIT         ?XD?I2C_CONFIG?SYSTEM_INIT
            XDATA   0311H     0006H     UNIT         ?XD?RTC_INIT?APP_RTC
            XDATA   0317H     0006H     UNIT         ?XD?I2C_PS_INIT?APP_I2C_PS
            XDATA   031DH     0006H     UNIT         ?XD?APP_PCA_PWM
            XDATA   0323H     0006H     UNIT         ?XD?APP_PWM15BIT
            XDATA   0329H     0005H     UNIT         ?XD?ADC_CONFIG?SYSTEM_INIT
            XDATA   032EH     0005H     UNIT         ?XD?SAMPLE_EEPROM?APP_EEPROM
            XDATA   0333H     0005H     UNIT         ?XD?PCA_PWM_INIT?APP_PCA_PWM
            XDATA   0338H     0005H     UNIT         ?XD?_I2C_WRITENBYTE?STC8G_H_I2C
            XDATA   033DH     0005H     UNIT         ?XD?_I2C_READNBYTE?STC8G_H_I2C
            XDATA   0342H     0005H     UNIT         ?XD?_SI2C_WRITENBYTE?STC8G_H_SOFT_I2C
            XDATA   0347H     0005H     UNIT         ?XD?_SI2C_READNBYTE?STC8G_H_SOFT_I2C
            XDATA   034CH     0004H     UNIT         ?XD?APP_AD_UART2
            XDATA   0350H     0004H     UNIT         ?XD?APP_I2C_PS
            XDATA   0354H     0003H     UNIT         ?XD?READRTC?APP_RTC
            XDATA   0357H     0003H     UNIT         ?XD?WRITERTC?APP_RTC
            XDATA   035AH     0003H     UNIT         ?XD?WDT_INIT?APP_WDT
            XDATA   035DH     0003H     UNIT         ?XD?STC8G_H_I2C_ISR
            XDATA   0360H     0002H     UNIT         ?XD?APP_PCA_CAPTURE
            XDATA   0362H     0001H     UNIT         ?XD?EXTI_CONFIG?SYSTEM_INIT
            XDATA   0363H     0001H     UNIT         ?XD?APP_INT_UART1
            XDATA   0364H     0001H     UNIT         ?XD?APP_LAMP
            XDATA   0365H     0001H     UNIT         ?XD?SAMPLE_SPI_PS?APP_SPI_PS
            XDATA   0366H     0001H     UNIT         ?XD?STC8G_H_EXTI_ISR
            XDATA   0367H     0001H     UNIT         ?XD?STC8G_H_SPI_ISR

            * * * * * * *   C O D E   M E M O R Y   * * * * * * *
            CODE    0000H     0003H     ABSOLUTE     
            CODE    0003H     0003H     ABSOLUTE     
            CODE    0006H     0005H     UNIT         ?PR?IO_KEYDELAY?APP_RTC
            CODE    000BH     0003H     ABSOLUTE     
            CODE    000EH     0004H     UNIT         ?PR?WDT_CLEAR?STC8G_H_WDT
                    0012H     0001H                  *** GAP ***
            CODE    0013H     0003H     ABSOLUTE     
            CODE    0016H     0004H     UNIT         ?PR?ADC_ISR_HANDLER?STC8G_H_ADC_ISR
                    001AH     0001H                  *** GAP ***
            CODE    001BH     0003H     ABSOLUTE     
            CODE    001EH     0003H     UNIT         ?CO?APP_AD_UART2
                    0021H     0002H                  *** GAP ***
            CODE    0023H     0003H     ABSOLUTE     
BL51 BANKED LINKER/LOCATER V6.22.2.0                                                  08/25/2021  13:28:12  PAGE 4


            CODE    0026H     0003H     UNIT         ?PR?TIMER1_ISR_HANDLER?STC8G_H_TIMER_ISR
                    0029H     0002H                  *** GAP ***
            CODE    002BH     0003H     ABSOLUTE     
            CODE    002EH     000DH     UNIT         ?PR?LAMP_INIT?APP_LAMP
            CODE    003BH     0003H     ABSOLUTE     
            CODE    003EH     0003H     UNIT         ?PR?TIMER2_ISR_HANDLER?STC8G_H_TIMER_ISR
                    0041H     0002H                  *** GAP ***
            CODE    0043H     0003H     ABSOLUTE     
            CODE    0046H     0003H     UNIT         ?PR?TIMER3_ISR_HANDLER?STC8G_H_TIMER_ISR
                    0049H     0002H                  *** GAP ***
            CODE    004BH     0003H     ABSOLUTE     
            CODE    004EH     0003H     UNIT         ?PR?TIMER4_ISR_HANDLER?STC8G_H_TIMER_ISR
                    0051H     0002H                  *** GAP ***
            CODE    0053H     0003H     ABSOLUTE     
                    0056H     0005H                  *** GAP ***
            CODE    005BH     0003H     ABSOLUTE     
                    005EH     0005H                  *** GAP ***
            CODE    0063H     0003H     ABSOLUTE     
            CODE    0066H     001DH     UNIT         ?PR?_I2C_WRITEABYTE?STC8G_H_SOFT_I2C
            CODE    0083H     0003H     ABSOLUTE     
            CODE    0086H     0013H     UNIT         ?PR?_EEPROM_SECTORERASE?STC8G_H_EEPROM
                    0099H     0002H                  *** GAP ***
            CODE    009BH     0003H     ABSOLUTE     
                    009EH     0005H                  *** GAP ***
            CODE    00A3H     0003H     ABSOLUTE     
                    00A6H     0005H                  *** GAP ***
            CODE    00ABH     0003H     ABSOLUTE     
                    00AEH     0005H                  *** GAP ***
            CODE    00B3H     0003H     ABSOLUTE     
            CODE    00B6H     000DH     UNIT         ?PR?_ADC_POWERCONTROL?STC8G_H_ADC
            CODE    00C3H     0003H     ABSOLUTE     
            CODE    00C6H     001DH     UNIT         ?PR?_NVIC_INT3_INIT?STC8G_H_NVIC
            CODE    00E3H     0003H     ABSOLUTE     
                    00E6H     0005H                  *** GAP ***
            CODE    00EBH     0003H     ABSOLUTE     
                    00EEH     0005H                  *** GAP ***
            CODE    00F3H     0003H     ABSOLUTE     
                    00F6H     0005H                  *** GAP ***
            CODE    00FBH     0003H     ABSOLUTE     
            CODE    00FEH     03D9H     UNIT         ?PR?_PWM_CONFIGURATION?STC8H_PWM
            CODE    04D7H     0315H     UNIT         ?PR?_UART_CONFIGURATION?STC8G_H_UART
            CODE    07ECH     02EDH     UNIT         ?C?LIB_CODE
            CODE    0AD9H     02C0H     UNIT         ?PR?_PWM15_INIT?STC8G_PWM15BIT
            CODE    0D99H     0277H     UNIT         ?PR?_GPIO_INILIZE?STC8G_H_GPIO
            CODE    1010H     0275H     UNIT         ?PR?SAMPLE_EEPROM?APP_EEPROM
            CODE    1285H     0266H     UNIT         ?PR?_TIMER_INILIZE?STC8G_H_TIMER
            CODE    14EBH     01A3H     UNIT         ?PR?PCA_ISR_HANDLER?STC8G_PCA_ISR
            CODE    168EH     0180H     UNIT         ?CO?STC8G_PWM15BIT
            CODE    180EH     0122H     UNIT         ?PR?_UPDATEPWM?STC8H_PWM
            CODE    1930H     0121H     UNIT         ?CO?APP_EEPROM
            CODE    1A51H     010FH     UNIT         ?PR?SAMPLE_PWMA_OUTPUT?APP_PWMA_OUTPUT
            CODE    1B60H     010FH     UNIT         ?PR?SAMPLE_PWMB_OUTPUT?APP_PWMB_OUTPUT
            CODE    1C6FH     00EFH     UNIT         ?PR?PWMA_OUTPUT_INIT?APP_PWMA_OUTPUT
            CODE    1D5EH     00E7H     UNIT         ?PR?SAMPLE_PCA_CAPTURE?APP_PCA_CAPTURE
            CODE    1E45H     00E6H     UNIT         ?PR?PWMB_OUTPUT_INIT?APP_PWMB_OUTPUT
            CODE    1F2BH     00E5H     UNIT         ?PR?SAMPLE_INTTOUART?APP_INT_UART1
            CODE    2010H     00DBH     UNIT         ?PR?_PCA_INIT?STC8G_PCA
BL51 BANKED LINKER/LOCATER V6.22.2.0                                                  08/25/2021  13:28:12  PAGE 5


            CODE    20EBH     00DAH     UNIT         ?PR?SAMPLE_ADTOUART?APP_AD_UART2
            CODE    21C5H     00D1H     UNIT         ?PR?SAMPLE_I2C_PS?APP_I2C_PS
            CODE    2296H     00CFH     UNIT         ?PR?RTC_INIT?APP_RTC
            CODE    2365H     00CDH     UNIT         ?PR?PCA_CAPTURE_INIT?APP_PCA_CAPTURE
            CODE    2432H     00CCH     UNIT         ?PR?SAMPLE_PWM15BIT?APP_PWM15BIT
            CODE    24FEH     00CAH     UNIT         ?PR?SAMPLE_RTC?APP_RTC
            CODE    25C8H     00C9H     UNIT         ?PR?PCA_PWM_INIT?APP_PCA_PWM
            CODE    2691H     00C4H     UNIT         ?PR?PWM15BIT_INIT?APP_PWM15BIT
            CODE    2755H     00C0H     UNIT         ?PR?SAMPLE_PCA_PWM?APP_PCA_PWM
            CODE    2815H     00BEH     UNIT         ?PR?SAMPLE_SPI_PS?APP_SPI_PS
            CODE    28D3H     00BBH     UNIT         ?PR?I2C_ISR_HANDLER?STC8G_H_I2C_ISR
            CODE    298EH     00B4H     UNIT         ?PR?_PWMCHANNELCTRL?STC8G_PWM15BIT
            CODE    2A42H     009EH     UNIT         ?PR?_NVIC_PWM_INIT?STC8G_H_NVIC
            CODE    2AE0H     008DH     UNIT         ?PR?IO_KEYSCAN?APP_RTC
            CODE    2B6DH     008CH     UNIT         ?C_C51STARTUP
            CODE    2BF9H     0087H     UNIT         ?PR?TASK_MARKS_HANDLER_CALLBACK?TASK
            CODE    2C80H     0084H     UNIT         ?PR?_GET_ADCRESULT?STC8G_H_ADC
            CODE    2D04H     0083H     UNIT         ?PR?_I2C_INIT?STC8G_H_I2C
            CODE    2D87H     0080H     UNIT         ?PR?_SPI_INIT?STC8G_H_SPI
            CODE    2E07H     007AH     UNIT         ?PR?SWITCH_CONFIG?SYSTEM_INIT
            CODE    2E81H     0076H     UNIT         ?PR?INTTOUART_INIT?APP_INT_UART1
            CODE    2EF7H     0075H     UNIT         ?PR?_NVIC_I2C_INIT?STC8G_H_NVIC
            CODE    2F6CH     006EH     UNIT         ?PR?_PWM15DUTY?STC8G_PWM15BIT
            CODE    2FDAH     006CH     UNIT         ?PR?_UPDATEPCAPWM?STC8G_PCA
            CODE    3046H     006AH     UNIT         ?PR?_ADC_INILIZE?STC8G_H_ADC
            CODE    30B0H     0068H     UNIT         ?PR?I2C_PS_INIT?APP_I2C_PS
            CODE    3118H     0066H     UNIT         ?PR?_NVIC_PCA_INIT?STC8G_H_NVIC
            CODE    317EH     005EH     UNIT         ?CO?APP_INT_UART1
            CODE    31DCH     005EH     UNIT         ?PR?DISPLAYRTC?APP_RTC
            CODE    323AH     005DH     UNIT         ?PR?_NVIC_UART3_INIT?STC8G_H_NVIC
            CODE    3297H     005CH     UNIT         ?PR?ADTOUART_INIT?APP_AD_UART2
            CODE    32F3H     005CH     UNIT         ?PR?WRITERTC?APP_RTC
            CODE    334FH     005CH     UNIT         ?PR?UART2_ISR_HANDLER?STC8G_H_UART_ISR
            CODE    33ABH     005BH     UNIT         ?PR?SPI_PS_INIT?APP_SPI_PS
            CODE    3406H     005BH     UNIT         ?PR?_NVIC_UART4_INIT?STC8G_H_NVIC
            CODE    3461H     005AH     UNIT         ?PR?_NVIC_CMP_INIT?STC8G_H_NVIC
            CODE    34BBH     005AH     UNIT         ?PR?_NVIC_SPI_INIT?STC8G_H_NVIC
            CODE    3515H     0058H     UNIT         ?PR?TASK_PRO_HANDLER_CALLBACK?TASK
            CODE    356DH     0057H     UNIT         ?PR?_CMP_INILIZE?STC8G_H_COMPARE
            CODE    35C4H     0056H     UNIT         ?PR?_NVIC_UART2_INIT?STC8G_H_NVIC
            CODE    361AH     0056H     UNIT         ?PR?UART1_ISR_HANDLER?STC8G_H_UART_ISR
            CODE    3670H     0055H     UNIT         ?PR?_NVIC_TIMER0_INIT?STC8G_H_NVIC
            CODE    36C5H     0055H     UNIT         ?PR?_NVIC_TIMER1_INIT?STC8G_H_NVIC
            CODE    371AH     0055H     UNIT         ?PR?_NVIC_INT0_INIT?STC8G_H_NVIC
            CODE    376FH     0055H     UNIT         ?PR?_NVIC_INT1_INIT?STC8G_H_NVIC
            CODE    37C4H     0055H     UNIT         ?PR?_NVIC_ADC_INIT?STC8G_H_NVIC
            CODE    3819H     0055H     UNIT         ?PR?_NVIC_UART1_INIT?STC8G_H_NVIC
            CODE    386EH     0054H     UNIT         ?PR?GETADDRESS?APP_EEPROM
            CODE    38C2H     0051H     UNIT         ?PR?READRTC?APP_RTC
            CODE    3913H     0051H     UNIT         ?PR?EEPROM_INIT?APP_EEPROM
            CODE    3964H     004DH     UNIT         ?PR?_PWMLEVELSET?STC8G_PWM15BIT
            CODE    39B1H     004DH     UNIT         ?PR?SPI_ISR_HANDLER?STC8G_H_SPI_ISR
            CODE    39FEH     0046H     UNIT         ?PR?_SI2C_READNBYTE?STC8G_H_SOFT_I2C
            CODE    3A44H     0044H     UNIT         ?PR?GPIO_CONFIG?SYSTEM_INIT
            CODE    3A88H     0043H     UNIT         ?CO?APP
            CODE    3ACBH     0043H     UNIT         ?PR?_CHECKDATA?APP_EEPROM
            CODE    3B0EH     0042H     UNIT         ?PR?EXTI_CONFIG?SYSTEM_INIT
BL51 BANKED LINKER/LOCATER V6.22.2.0                                                  08/25/2021  13:28:12  PAGE 6


            CODE    3B50H     0042H     UNIT         ?PR?DISPLAYSCAN?APP
            CODE    3B92H     003BH     UNIT         ?PR?TIMER0_ISR_HANDLER?STC8G_H_TIMER_ISR
            CODE    3BCDH     0039H     UNIT         ?PR?_EEPROM_WRITE_N?STC8G_H_EEPROM
            CODE    3C06H     0039H     UNIT         ?PR?_I2C_READNBYTE?STC8G_H_I2C
            CODE    3C3FH     0038H     UNIT         ?PR?_EXT_INILIZE?STC8G_H_EXTI
            CODE    3C77H     0037H     UNIT         ?PR?_I2C_WRITENBYTE?STC8G_H_I2C
            CODE    3CAEH     0033H     UNIT         ?PR?SAMPLE_WDT?APP_WDT
            CODE    3CE1H     0033H     UNIT         ?PR?_TXSEND?STC8G_H_SOFT_UART
            CODE    3D14H     0032H     UNIT         ?PR?_EEPROM_READ_N?STC8G_H_EEPROM
            CODE    3D46H     0030H     UNIT         ?PR?_SI2C_WRITENBYTE?STC8G_H_SOFT_I2C
            CODE    3D76H     002FH     UNIT         ?PR?PWM0_ISR_HANDLER?STC8G_PWM15BIT_ISR
            CODE    3DA5H     002FH     UNIT         ?PR?PWM1_ISR_HANDLER?STC8G_PWM15BIT_ISR
            CODE    3DD4H     002FH     UNIT         ?PR?PWM2_ISR_HANDLER?STC8G_PWM15BIT_ISR
            CODE    3E03H     002FH     UNIT         ?PR?PWM3_ISR_HANDLER?STC8G_PWM15BIT_ISR
            CODE    3E32H     002FH     UNIT         ?PR?PWM4_ISR_HANDLER?STC8G_PWM15BIT_ISR
            CODE    3E61H     002DH     UNIT         ?PR?UART_CONFIG?SYSTEM_INIT
            CODE    3E8EH     002CH     UNIT         ?PR?CMP_CONFIG?SYSTEM_INIT
            CODE    3EBAH     002BH     UNIT         ?PR?GETDATALENGTH?APP_EEPROM
            CODE    3EE5H     002BH     UNIT         ?PR?_NVIC_TIMER4_INIT?STC8G_H_NVIC
            CODE    3F10H     002AH     UNIT         ?PR?_WDT_INILIZE?STC8G_H_WDT
            CODE    3F3AH     002AH     UNIT         ?PR?_NVIC_TIMER2_INIT?STC8G_H_NVIC
            CODE    3F64H     002AH     UNIT         ?PR?_NVIC_TIMER3_INIT?STC8G_H_NVIC
            CODE    3F8EH     0029H     UNIT         ?PR?ADC_CONFIG?SYSTEM_INIT
            CODE    3FB7H     0028H     UNIT         ?PR?TIMER_CONFIG?SYSTEM_INIT
            CODE    3FDFH     0026H     UNIT         ?PR?I2C_CONFIG?SYSTEM_INIT
            CODE    4005H     0025H     UNIT         ?PR?SPI_CONFIG?SYSTEM_INIT
            CODE    402AH     0023H     UNIT         ?CO?APP_PCA_CAPTURE
            CODE    404DH     0022H     UNIT         ?C_INITSEG
            CODE    406FH     0022H     UNIT         ?PR?WDT_INIT?APP_WDT
            CODE    4091H     0020H     UNIT         ?PR?SAMPLE_LAMP?APP_LAMP
            CODE    40B1H     001EH     UNIT         ?PR?RECVACK?STC8G_H_I2C
            CODE    40CFH     001EH     UNIT         ?PR?_NVIC_INT4_INIT?STC8G_H_NVIC
            CODE    40EDH     001CH     UNIT         ?PR?_NVIC_INT2_INIT?STC8G_H_NVIC
            CODE    4109H     001BH     UNIT         ?PR?I2C_READABYTE?STC8G_H_SOFT_I2C
            CODE    4124H     001AH     UNIT         ?PR?EEPROM_TRIG?STC8G_H_EEPROM
            CODE    413EH     0018H     UNIT         ?PR?_PRINTSTRING?STC8G_H_SOFT_UART
            CODE    4156H     0016H     UNIT         ?PR?I2C_CHECK_ACK?STC8G_H_SOFT_I2C
            CODE    416CH     0013H     UNIT         ?PR?_PRINTSTRING1?STC8G_H_UART
            CODE    417FH     0013H     UNIT         ?PR?_PRINTSTRING2?STC8G_H_UART
            CODE    4192H     0013H     UNIT         ?PR?INT0_ISR_HANDLER?STC8G_H_EXTI_ISR
            CODE    41A5H     0013H     UNIT         ?PR?INT1_ISR_HANDLER?STC8G_H_EXTI_ISR
            CODE    41B8H     0013H     UNIT         ?PR?INT2_ISR_HANDLER?STC8G_H_EXTI_ISR
            CODE    41CBH     0013H     UNIT         ?PR?INT3_ISR_HANDLER?STC8G_H_EXTI_ISR
            CODE    41DEH     0013H     UNIT         ?PR?INT4_ISR_HANDLER?STC8G_H_EXTI_ISR
            CODE    41F1H     0011H     UNIT         ?PR?_SPI_SETMODE?STC8G_H_SPI
            CODE    4202H     0011H     UNIT         ?PR?CMP_ISR_HANDLER?STC8G_H_COMPARE_ISR
            CODE    4213H     0010H     UNIT         ?PR?_DELAY_MS?STC8G_H_DELAY
            CODE    4223H     000FH     UNIT         ?PR?RECVDATA?STC8G_H_I2C
            CODE    4232H     000FH     UNIT         ?PR?SENDNAK?STC8G_H_I2C
            CODE    4241H     000FH     UNIT         ?PR?_TX1_WRITE2BUFF?STC8G_H_UART
            CODE    4250H     000FH     UNIT         ?PR?_TX2_WRITE2BUFF?STC8G_H_UART
            CODE    425FH     000EH     UNIT         ?PR?DISABLEEEPROM?STC8G_H_EEPROM
            CODE    426DH     000EH     UNIT         ?PR?_SENDDATA?STC8G_H_I2C
            CODE    427BH     000EH     UNIT         ?PR?SENDACK?STC8G_H_I2C
            CODE    4289H     000EH     UNIT         ?PR?BITTIME?STC8G_H_SOFT_UART
            CODE    4297H     000DH     UNIT         ?PR?I2C_START?STC8G_H_SOFT_I2C
            CODE    42A4H     000CH     UNIT         ?PR?WAIT?STC8G_H_I2C
BL51 BANKED LINKER/LOCATER V6.22.2.0                                                  08/25/2021  13:28:12  PAGE 7


            CODE    42B0H     000CH     UNIT         ?PR?I2C_DELAY?STC8G_H_SOFT_I2C
            CODE    42BCH     000BH     UNIT         ?PR?SYS_INIT?SYSTEM_INIT
            CODE    42C7H     000AH     UNIT         ?PR?I2C_STOP?STC8G_H_SOFT_I2C
            CODE    42D1H     000AH     UNIT         ?PR?S_ACK?STC8G_H_SOFT_I2C
            CODE    42DBH     0009H     UNIT         ?PR?START?STC8G_H_I2C
            CODE    42E4H     0009H     UNIT         ?PR?STOP?STC8G_H_I2C
            CODE    42EDH     0008H     UNIT         ?PR?MAIN?MAIN
            CODE    42F5H     0008H     UNIT         ?CO?APP_LAMP
            CODE    42FDH     0008H     UNIT         ?PR?_SPI_WRITEBYTE?STC8G_H_SPI
            CODE    4305H     0008H     UNIT         ?PR?S_NOACK?STC8G_H_SOFT_I2C
            CODE    430DH     0006H     UNIT         ?PR?APP_CONFIG?APP



OVERLAY MAP OF MODULE:   .\list\STC8G-H-LIB (MAIN)


SEGMENT                                            XDATA_GROUP
  +--> CALLED SEGMENT                            START    LENGTH
----------------------------------------------------------------
?PR?TIMER0_ISR_HANDLER?STC8G_H_TIMER_ISR         -----    -----
  +--> ?PR?TASK_MARKS_HANDLER_CALLBACK?TASK

*** NEW ROOT ***************************************************

?C_C51STARTUP                                    -----    -----
  +--> ?PR?MAIN?MAIN
  +--> ?C_INITSEG

?PR?MAIN?MAIN                                    -----    -----
  +--> ?PR?SYS_INIT?SYSTEM_INIT
  +--> ?PR?TASK_PRO_HANDLER_CALLBACK?TASK

?PR?SYS_INIT?SYSTEM_INIT                         -----    -----
  +--> ?PR?TIMER_CONFIG?SYSTEM_INIT
  +--> ?PR?SWITCH_CONFIG?SYSTEM_INIT
  +--> ?PR?APP_CONFIG?APP

?PR?TIMER_CONFIG?SYSTEM_INIT                     0213H    0006H
  +--> ?PR?_TIMER_INILIZE?STC8G_H_TIMER
  +--> ?PR?_NVIC_TIMER0_INIT?STC8G_H_NVIC

?PR?APP_CONFIG?APP                               -----    -----
  +--> ?PR?LAMP_INIT?APP_LAMP
  +--> ?PR?ADTOUART_INIT?APP_AD_UART2

?PR?ADTOUART_INIT?APP_AD_UART2                   0213H    000EH
  +--> ?PR?_UART_CONFIGURATION?STC8G_H_UART
  +--> ?PR?_NVIC_UART2_INIT?STC8G_H_NVIC
  +--> ?PR?_ADC_INILIZE?STC8G_H_ADC
  +--> ?PR?_ADC_POWERCONTROL?STC8G_H_ADC
  +--> ?PR?_NVIC_ADC_INIT?STC8G_H_NVIC

?PR?_UART_CONFIGURATION?STC8G_H_UART             0221H    0009H

?PR?TASK_PRO_HANDLER_CALLBACK?TASK               0213H    0001H

BL51 BANKED LINKER/LOCATER V6.22.2.0                                                  08/25/2021  13:28:12  PAGE 8


?C_INITSEG                                       -----    -----
  +--> ?PR?SAMPLE_LAMP?APP_LAMP
  +--> ?PR?SAMPLE_ADTOUART?APP_AD_UART2

?PR?SAMPLE_LAMP?APP_LAMP                         -----    -----
  +--> ?CO?APP_LAMP

?PR?SAMPLE_ADTOUART?APP_AD_UART2                 0213H    0002H
  +--> ?PR?_GET_ADCRESULT?STC8G_H_ADC
  +--> ?PR?_TX2_WRITE2BUFF?STC8G_H_UART
  +--> ?CO?APP_AD_UART2
  +--> ?PR?_PRINTSTRING2?STC8G_H_UART

?PR?_GET_ADCRESULT?STC8G_H_ADC                   0215H    0002H

?PR?_PRINTSTRING2?STC8G_H_UART                   -----    -----
  +--> ?PR?_TX2_WRITE2BUFF?STC8G_H_UART



SYMBOL TABLE OF MODULE:  .\list\STC8G-H-LIB (MAIN)

  VALUE           TYPE          NAME
  ----------------------------------

  -------         MODULE        MAIN
  C:0000H         SYMBOL        _ICE_DUMMY_
  D:0080H         PUBLIC        P0
  D:0090H         PUBLIC        P1
  D:00A0H         PUBLIC        P2
  D:00B0H         PUBLIC        P3
  D:00C0H         PUBLIC        P4
  D:00C8H         PUBLIC        P5
  D:00E8H         PUBLIC        P6
  D:00F8H         PUBLIC        P7
  D:00A8H         PUBLIC        IE
  D:00B8H         PUBLIC        IP
  D:00D8H         PUBLIC        CCON
  C:42EDH         PUBLIC        main
  D:0098H         PUBLIC        SCON
  D:0088H         PUBLIC        TCON
  D:00F0H         PUBLIC        B
  D:00E0H         PUBLIC        ACC
  D:00D0H         PUBLIC        PSW
  -------         PROC          MAIN
  C:42EDH         LINE#         24
  C:42EDH         LINE#         25
  C:42EDH         LINE#         26
  C:42F0H         LINE#         28
  C:42F0H         LINE#         29
  C:42F0H         LINE#         30
  C:42F3H         LINE#         31
  -------         ENDPROC       MAIN
  -------         ENDMOD        MAIN

  -------         MODULE        SYSTEM_INIT
  C:0000H         SYMBOL        _ICE_DUMMY_
BL51 BANKED LINKER/LOCATER V6.22.2.0                                                  08/25/2021  13:28:12  PAGE 9


  D:0093H         PUBLIC        P0M1
  D:0092H         PUBLIC        P1M0
  D:0096H         PUBLIC        P2M0
  D:0091H         PUBLIC        P1M1
  D:0080H         PUBLIC        P0
  D:00B2H         PUBLIC        P3M0
  D:0095H         PUBLIC        P2M1
  D:0090H         PUBLIC        P1
  D:00B4H         PUBLIC        P4M0
  D:00B1H         PUBLIC        P3M1
  D:00A0H         PUBLIC        P2
  D:00B3H         PUBLIC        P4M1
  D:00B0H         PUBLIC        P3
  D:00CCH         PUBLIC        P6M0
  D:00C0H         PUBLIC        P4
  D:00E2H         PUBLIC        P7M0
  D:00CBH         PUBLIC        P6M1
  D:00C8H         PUBLIC        P5
  B:00A8H.7       PUBLIC        EA
  D:00E8H         PUBLIC        P6
  D:00E1H         PUBLIC        P7M1
  D:00F8H         PUBLIC        P7
  C:3A44H         PUBLIC        GPIO_config
  D:00A2H         PUBLIC        P_SW1
  D:00BAH         PUBLIC        P_SW2
  D:00A8H         PUBLIC        IE
  C:3E61H         PUBLIC        UART_config
  C:3FDFH         PUBLIC        I2C_config
  D:00B8H         PUBLIC        IP
  C:3F8EH         PUBLIC        ADC_config
  D:00D8H         PUBLIC        CCON
  D:0098H         PUBLIC        SCON
  D:0088H         PUBLIC        TCON
  C:3E8EH         PUBLIC        CMP_config
  D:00F0H         PUBLIC        B
  C:4005H         PUBLIC        SPI_config
  D:00E0H         PUBLIC        ACC
  C:2E07H         PUBLIC        Switch_config
  C:3FB7H         PUBLIC        Timer_config
  C:42BCH         PUBLIC        SYS_Init
  C:3B0EH         PUBLIC        Exti_config
  D:00D0H         PUBLIC        PSW
  D:0094H         PUBLIC        P0M0
  -------         PROC          GPIO_CONFIG
  C:3A44H         LINE#         34
  C:3A44H         LINE#         35
  C:3A44H         LINE#         36
  C:3A4AH         LINE#         37
  C:3A50H         LINE#         38
  C:3A56H         LINE#         39
  C:3A5CH         LINE#         40
  C:3A62H         LINE#         41
  C:3A68H         LINE#         43
  C:3A6EH         LINE#         44
  C:3A74H         LINE#         45
  C:3A7AH         LINE#         47
  C:3A87H         LINE#         48
BL51 BANKED LINKER/LOCATER V6.22.2.0                                                  08/25/2021  13:28:12  PAGE 10


  -------         ENDPROC       GPIO_CONFIG
  -------         PROC          TIMER_CONFIG
  -------         DO            
  X:0213H         SYMBOL        TIM_InitStructure
  -------         ENDDO         
  C:3FB7H         LINE#         53
  C:3FB7H         LINE#         54
  C:3FB7H         LINE#         56
  C:3FBCH         LINE#         57
  C:3FBFH         LINE#         58
  C:3FC2H         LINE#         59
  C:3FCAH         LINE#         60
  C:3FCEH         LINE#         61
  C:3FD8H         LINE#         62
  -------         ENDPROC       TIMER_CONFIG
  -------         PROC          ADC_CONFIG
  -------         DO            
  X:0329H         SYMBOL        ADC_InitStructure
  -------         ENDDO         
  C:3F8EH         LINE#         101
  C:3F8EH         LINE#         102
  C:3F8EH         LINE#         104
  C:3F94H         LINE#         105
  C:3F99H         LINE#         106
  C:3F9CH         LINE#         107
  C:3FA1H         LINE#         108
  C:3FA4H         LINE#         109
  C:3FACH         LINE#         110
  C:3FB1H         LINE#         111
  -------         ENDPROC       ADC_CONFIG
  -------         PROC          UART_CONFIG
  -------         DO            
  X:02B2H         SYMBOL        COMx_InitStructure
  -------         ENDDO         
  C:3E61H         LINE#         117
  C:3E61H         LINE#         118
  C:3E61H         LINE#         121
  C:3E67H         LINE#         122
  C:3E6BH         LINE#         123
  C:3E73H         LINE#         124
  C:3E79H         LINE#         125
  C:3E7CH         LINE#         126
  C:3E87H         LINE#         127
  -------         ENDPROC       UART_CONFIG
  -------         PROC          I2C_CONFIG
  -------         DO            
  X:030BH         SYMBOL        I2C_InitStructure
  -------         ENDDO         
  C:3FDFH         LINE#         139
  C:3FDFH         LINE#         140
  C:3FDFH         LINE#         142
  C:3FE5H         LINE#         143
  C:3FE9H         LINE#         144
  C:3FEEH         LINE#         145
  C:3FF4H         LINE#         146
  C:3FFDH         LINE#         147
  -------         ENDPROC       I2C_CONFIG
BL51 BANKED LINKER/LOCATER V6.22.2.0                                                  08/25/2021  13:28:12  PAGE 11


  -------         PROC          SPI_CONFIG
  -------         DO            
  X:02EFH         SYMBOL        SPI_InitStructure
  -------         ENDDO         
  C:4005H         LINE#         153
  C:4005H         LINE#         154
  C:4005H         LINE#         156
  C:400BH         LINE#         157
  C:400DH         LINE#         158
  C:4010H         LINE#         159
  C:4012H         LINE#         160
  C:4014H         LINE#         161
  C:4017H         LINE#         162
  C:401AH         LINE#         163
  C:4023H         LINE#         164
  -------         ENDPROC       SPI_CONFIG
  -------         PROC          CMP_CONFIG
  -------         DO            
  X:02F6H         SYMBOL        CMP_InitStructure
  -------         ENDDO         
  C:3E8EH         LINE#         170
  C:3E8EH         LINE#         171
  C:3E8EH         LINE#         173
  C:3E94H         LINE#         174
  C:3E97H         LINE#         175
  C:3E99H         LINE#         176
  C:3E9DH         LINE#         177
  C:3EA0H         LINE#         178
  C:3EA4H         LINE#         179
  C:3EAAH         LINE#         180
  C:3EB3H         LINE#         181
  -------         ENDPROC       CMP_CONFIG
  -------         PROC          EXTI_CONFIG
  -------         DO            
  X:0362H         SYMBOL        Exti_InitStructure
  -------         ENDDO         
  C:3B0EH         LINE#         186
  C:3B0EH         LINE#         187
  C:3B0EH         LINE#         190
  C:3B14H         LINE#         191
  C:3B1EH         LINE#         192
  C:3B25H         LINE#         194
  C:3B2BH         LINE#         195
  C:3B34H         LINE#         196
  C:3B3BH         LINE#         198
  C:3B42H         LINE#         199
  C:3B49H         LINE#         200
  -------         ENDPROC       EXTI_CONFIG
  -------         PROC          SWITCH_CONFIG
  C:2E07H         LINE#         210
  C:2E07H         LINE#         211
  C:2E07H         LINE#         212
  C:2E0AH         LINE#         213
  C:2E12H         LINE#         218
  C:2E1AH         LINE#         220
  C:2E29H         LINE#         221
  C:2E35H         LINE#         222
BL51 BANKED LINKER/LOCATER V6.22.2.0                                                  08/25/2021  13:28:12  PAGE 12


  C:2E41H         LINE#         223
  C:2E4DH         LINE#         225
  C:2E5CH         LINE#         226
  C:2E68H         LINE#         227
  C:2E74H         LINE#         228
  C:2E80H         LINE#         231
  -------         ENDPROC       SWITCH_CONFIG
  -------         PROC          SYS_INIT
  C:42BCH         LINE#         236
  C:42BCH         LINE#         237
  C:42BCH         LINE#         239
  C:42BFH         LINE#         246
  C:42C2H         LINE#         247
  C:42C4H         LINE#         249
  -------         ENDPROC       SYS_INIT
  -------         ENDMOD        SYSTEM_INIT

  -------         MODULE        TASK
  C:0000H         SYMBOL        _ICE_DUMMY_
  D:0080H         PUBLIC        P0
  D:0090H         PUBLIC        P1
  D:00A0H         PUBLIC        P2
  D:00B0H         PUBLIC        P3
  D:00C0H         PUBLIC        P4
  D:00C8H         PUBLIC        P5
  D:00E8H         PUBLIC        P6
  D:00F8H         PUBLIC        P7
  C:2BF9H         PUBLIC        Task_Marks_Handler_Callback
  D:00A8H         PUBLIC        IE
  X:023EH         PUBLIC        Tasks_Max
  D:00B8H         PUBLIC        IP
  D:00D8H         PUBLIC        CCON
  D:0098H         PUBLIC        SCON
  D:0088H         PUBLIC        TCON
  C:3515H         PUBLIC        Task_Pro_Handler_Callback
  D:00F0H         PUBLIC        B
  D:00E0H         PUBLIC        ACC
  X:023FH         SYMBOL        Task_Comps
  D:00D0H         PUBLIC        PSW
  -------         PROC          TASK_MARKS_HANDLER_CALLBACK
  -------         DO            
  D:0007H         SYMBOL        i
  -------         ENDDO         
  C:2BF9H         LINE#         48
  C:2BF9H         LINE#         49
  C:2BF9H         LINE#         51
  C:2C05H         LINE#         52
  C:2C05H         LINE#         53
  C:2C1AH         LINE#         54
  C:2C1AH         LINE#         55
  C:2C2FH         LINE#         56
  C:2C44H         LINE#         57
  C:2C44H         LINE#         59
  C:2C6AH         LINE#         60
  C:2C7BH         LINE#         61
  C:2C7BH         LINE#         62
  C:2C7BH         LINE#         63
BL51 BANKED LINKER/LOCATER V6.22.2.0                                                  08/25/2021  13:28:12  PAGE 13


  C:2C7FH         LINE#         64
  -------         ENDPROC       TASK_MARKS_HANDLER_CALLBACK
  -------         PROC          TASK_PRO_HANDLER_CALLBACK
  -------         DO            
  X:0213H         SYMBOL        i
  -------         ENDDO         
  C:3515H         LINE#         73
  C:3515H         LINE#         74
  C:3515H         LINE#         76
  C:3528H         LINE#         77
  C:3528H         LINE#         78
  C:3539H         LINE#         79
  C:3539H         LINE#         80
  C:354DH         LINE#         81
  C:3564H         LINE#         82
  C:3564H         LINE#         83
  C:356CH         LINE#         84
  -------         ENDPROC       TASK_PRO_HANDLER_CALLBACK
  -------         ENDMOD        TASK

  -------         MODULE        APP
  C:0000H         SYMBOL        _ICE_DUMMY_
  X:022AH         PUBLIC        second
  D:0080H         PUBLIC        P0
  D:0090H         PUBLIC        P1
  D:00A0H         PUBLIC        P2
  D:00B0H         PUBLIC        P3
  D:00C0H         PUBLIC        P4
  D:00C8H         PUBLIC        P5
  D:00E8H         PUBLIC        P6
  D:00F8H         PUBLIC        P7
  X:022BH         PUBLIC        cnt50ms
  X:022CH         PUBLIC        LED8
  D:00A8H         PUBLIC        IE
  C:3AB3H         PUBLIC        T_COM
  X:0234H         PUBLIC        minute
  D:00B8H         PUBLIC        IP
  D:00D8H         PUBLIC        CCON
  X:0235H         PUBLIC        KeyCode
  X:0236H         PUBLIC        IO_KeyState
  D:0098H         PUBLIC        SCON
  D:0088H         PUBLIC        TCON
  C:430DH         PUBLIC        APP_config
  X:0237H         PUBLIC        hour
  D:00F0H         PUBLIC        B
  D:00E0H         PUBLIC        ACC
  C:3ABBH         PUBLIC        T_KeyTable
  C:3A88H         PUBLIC        t_display
  X:0238H         PUBLIC        IO_KeyHoldCnt
  X:0239H         PUBLIC        IO_KeyState1
  X:023AH         PUBLIC        KeyHoldCnt
  C:3B50H         PUBLIC        DisplayScan
  X:023BH         PUBLIC        msecond
  X:023DH         PUBLIC        display_index
  D:00D0H         PUBLIC        PSW
  -------         PROC          APP_CONFIG
  C:430DH         LINE#         52
BL51 BANKED LINKER/LOCATER V6.22.2.0                                                  08/25/2021  13:28:12  PAGE 14


  C:430DH         LINE#         53
  C:430DH         LINE#         54
  C:4310H         LINE#         55
  -------         ENDPROC       APP_CONFIG
  -------         PROC          DISPLAYSCAN
  C:3B50H         LINE#         76
  C:3B50H         LINE#         77
  C:3B50H         LINE#         78
  C:3B6EH         LINE#         79
  C:3B80H         LINE#         80
  C:3B91H         LINE#         81
  -------         ENDPROC       DISPLAYSCAN
  -------         ENDMOD        APP

  -------         MODULE        APP_AD_UART2
  C:0000H         SYMBOL        _ICE_DUMMY_
  D:0092H         PUBLIC        P1M0
  D:0091H         PUBLIC        P1M1
  D:0080H         PUBLIC        P0
  D:0090H         PUBLIC        P1
  D:00B4H         PUBLIC        P4M0
  D:00A0H         PUBLIC        P2
  D:00B3H         PUBLIC        P4M1
  D:00B0H         PUBLIC        P3
  D:00C0H         PUBLIC        P4
  D:00C8H         PUBLIC        P5
  D:00E8H         PUBLIC        P6
  D:00F8H         PUBLIC        P7
  D:00A8H         PUBLIC        IE
  D:00B8H         PUBLIC        IP
  X:034CH         PUBLIC        index
  D:00D8H         PUBLIC        CCON
  D:0098H         PUBLIC        SCON
  D:0088H         PUBLIC        TCON
  C:3297H         PUBLIC        ADtoUART_init
  D:00F0H         PUBLIC        B
  D:00E0H         PUBLIC        ACC
  X:034DH         PUBLIC        _Isp_Check
  C:20EBH         PUBLIC        Sample_ADtoUART
  D:00D0H         PUBLIC        PSW
  -------         PROC          ADTOUART_INIT
  -------         DO            
  X:0213H         SYMBOL        ADC_InitStructure
  X:0218H         SYMBOL        COMx_InitStructure
  -------         ENDDO         
  C:3297H         LINE#         62
  C:3297H         LINE#         63
  C:3297H         LINE#         67
  C:329DH         LINE#         68
  C:32A3H         LINE#         70
  C:32A9H         LINE#         71
  C:32B3H         LINE#         72
  C:32B9H         LINE#         73
  C:32C3H         LINE#         74
  C:32CAH         LINE#         76
  C:32D0H         LINE#         77
  C:32D5H         LINE#         78
BL51 BANKED LINKER/LOCATER V6.22.2.0                                                  08/25/2021  13:28:12  PAGE 15


  C:32D8H         LINE#         79
  C:32DDH         LINE#         80
  C:32E0H         LINE#         81
  C:32E8H         LINE#         82
  C:32EDH         LINE#         83
  -------         ENDPROC       ADTOUART_INIT
  -------         PROC          SAMPLE_ADTOUART
  -------         DO            
  X:0213H         SYMBOL        j
  -------         ENDDO         
  C:20EBH         LINE#         93
  C:20EBH         LINE#         94
  C:20EBH         LINE#         96
  C:2104H         LINE#         97
  C:2114H         LINE#         98
  C:2119H         LINE#         99
  C:211EH         LINE#         100
  C:2128H         LINE#         101
  C:212DH         LINE#         102
  C:2143H         LINE#         103
  C:2166H         LINE#         104
  C:2189H         LINE#         105
  C:219FH         LINE#         106
  C:21A4H         LINE#         107
  C:21A9H         LINE#         109
  C:21AFH         LINE#         110
  C:21B9H         LINE#         111
  C:21B9H         LINE#         112
  C:21BBH         LINE#         113
  C:21C4H         LINE#         114
  C:21C4H         LINE#         115
  -------         ENDPROC       SAMPLE_ADTOUART
  -------         ENDMOD        APP_AD_UART2

  -------         MODULE        APP_INT_UART1
  C:0000H         SYMBOL        _ICE_DUMMY_
  D:0080H         PUBLIC        P0
  D:00B2H         PUBLIC        P3M0
  D:0090H         PUBLIC        P1
  D:00B1H         PUBLIC        P3M1
  D:00A0H         PUBLIC        P2
  D:00B0H         PUBLIC        P3
  D:00C0H         PUBLIC        P4
  D:00C8H         PUBLIC        P5
  D:00E8H         PUBLIC        P6
  D:00F8H         PUBLIC        P7
  D:00A8H         PUBLIC        IE
  D:00B8H         PUBLIC        IP
  B:00B0H.2       PUBLIC        INT0
  B:00B0H.3       PUBLIC        INT1
  B:00B0H.6       PUBLIC        INT2
  B:00B0H.7       PUBLIC        INT3
  B:00B0H.0       PUBLIC        INT4
  D:00D8H         PUBLIC        CCON
  C:2E81H         PUBLIC        INTtoUART_init
  D:0087H         PUBLIC        PCON
  D:0098H         PUBLIC        SCON
BL51 BANKED LINKER/LOCATER V6.22.2.0                                                  08/25/2021  13:28:12  PAGE 16


  D:0088H         PUBLIC        TCON
  D:00F0H         PUBLIC        B
  D:00E0H         PUBLIC        ACC
  C:1F2BH         PUBLIC        Sample_INTtoUART
  X:0363H         PUBLIC        WakeUpCnt
  D:00D0H         PUBLIC        PSW
  -------         PROC          INTTOUART_INIT
  -------         DO            
  X:02A8H         SYMBOL        Exti_InitStructure
  X:02A9H         SYMBOL        COMx_InitStructure
  -------         ENDDO         
  C:2E81H         LINE#         63
  C:2E81H         LINE#         64
  C:2E81H         LINE#         68
  C:2E87H         LINE#         69
  C:2E8BH         LINE#         70
  C:2E93H         LINE#         71
  C:2E99H         LINE#         72
  C:2E9CH         LINE#         73
  C:2EA7H         LINE#         74
  C:2EAEH         LINE#         76
  C:2EB4H         LINE#         77
  C:2EBEH         LINE#         78
  C:2EC5H         LINE#         80
  C:2ECBH         LINE#         81
  C:2ED4H         LINE#         82
  C:2EDBH         LINE#         84
  C:2EE2H         LINE#         85
  C:2EE9H         LINE#         86
  C:2EF0H         LINE#         88
  C:2EF6H         LINE#         89
  -------         ENDPROC       INTTOUART_INIT
  -------         PROC          SAMPLE_INTTOUART
  C:1F2BH         LINE#         98
  C:1F2BH         LINE#         99
  C:1F2BH         LINE#         100
  C:1F31H         LINE#         101
  C:1F37H         LINE#         102
  C:1F3DH         LINE#         103
  C:1F43H         LINE#         104
  C:1F49H         LINE#         105
  C:1F4EH         LINE#         107
  C:1F54H         LINE#         108
  C:1F5AH         LINE#         109
  C:1F60H         LINE#         110
  C:1F66H         LINE#         111
  C:1F6CH         LINE#         113
  C:1F71H         LINE#         115
  C:1F74H         LINE#         116
  C:1F75H         LINE#         117
  C:1F76H         LINE#         118
  C:1F77H         LINE#         119
  C:1F7CH         LINE#         121
  C:1F8DH         LINE#         122
  C:1F9EH         LINE#         123
  C:1FAFH         LINE#         124
  C:1FC0H         LINE#         125
BL51 BANKED LINKER/LOCATER V6.22.2.0                                                  08/25/2021  13:28:12  PAGE 17


  C:1FD1H         LINE#         127
  C:1FD7H         LINE#         128
  C:1FE2H         LINE#         129
  C:1FF6H         LINE#         130
  C:2006H         LINE#         131
  C:200FH         LINE#         132
  -------         ENDPROC       SAMPLE_INTTOUART
  -------         ENDMOD        APP_INT_UART1

  -------         MODULE        APP_LAMP
  C:0000H         SYMBOL        _ICE_DUMMY_
  D:0080H         PUBLIC        P0
  D:0090H         PUBLIC        P1
  D:00B4H         PUBLIC        P4M0
  D:00A0H         PUBLIC        P2
  D:00B3H         PUBLIC        P4M1
  D:00B0H         PUBLIC        P3
  D:00CCH         PUBLIC        P6M0
  D:00C0H         PUBLIC        P4
  D:00CBH         PUBLIC        P6M1
  D:00C8H         PUBLIC        P5
  D:00E8H         PUBLIC        P6
  D:00F8H         PUBLIC        P7
  D:00A8H         PUBLIC        IE
  D:00B8H         PUBLIC        IP
  C:002EH         PUBLIC        Lamp_init
  D:00D8H         PUBLIC        CCON
  X:0364H         PUBLIC        ledIndex
  B:00C0H.0       PUBLIC        P40
  D:0098H         PUBLIC        SCON
  D:0088H         PUBLIC        TCON
  D:00F0H         PUBLIC        B
  D:00E0H         PUBLIC        ACC
  C:4091H         PUBLIC        Sample_Lamp
  C:42F5H         PUBLIC        ledNum
  D:00D0H         PUBLIC        PSW
  -------         PROC          LAMP_INIT
  C:002EH         LINE#         56
  C:002EH         LINE#         57
  C:002EH         LINE#         58
  C:0034H         LINE#         59
  C:003AH         LINE#         60
  -------         ENDPROC       LAMP_INIT
  -------         PROC          SAMPLE_LAMP
  C:4091H         LINE#         69
  C:4091H         LINE#         70
  C:4091H         LINE#         71
  C:4093H         LINE#         72
  C:409EH         LINE#         73
  C:40A4H         LINE#         74
  C:40AEH         LINE#         75
  C:40AEH         LINE#         76
  C:40B0H         LINE#         77
  C:40B0H         LINE#         78
  -------         ENDPROC       SAMPLE_LAMP
  -------         ENDMOD        APP_LAMP

BL51 BANKED LINKER/LOCATER V6.22.2.0                                                  08/25/2021  13:28:12  PAGE 18


  -------         MODULE        APP_RTC
  C:0000H         SYMBOL        _ICE_DUMMY_
  D:0093H         PUBLIC        P0M1
  D:0092H         PUBLIC        P1M0
  D:0091H         PUBLIC        P1M1
  D:0080H         PUBLIC        P0
  C:2296H         PUBLIC        RTC_init
  D:0090H         PUBLIC        P1
  D:00A0H         PUBLIC        P2
  D:00B0H         PUBLIC        P3
  D:00CCH         PUBLIC        P6M0
  D:00C0H         PUBLIC        P4
  D:00E2H         PUBLIC        P7M0
  D:00CBH         PUBLIC        P6M1
  D:00C8H         PUBLIC        P5
  D:00E8H         PUBLIC        P6
  D:00E1H         PUBLIC        P7M1
  D:00F8H         PUBLIC        P7
  D:00BAH         PUBLIC        P_SW2
  D:00A8H         PUBLIC        IE
  C:0006H         PUBLIC        IO_KeyDelay
  D:00B8H         PUBLIC        IP
  D:00D8H         PUBLIC        CCON
  C:2AE0H         PUBLIC        IO_KeyScan
  C:24FEH         PUBLIC        Sample_RTC
  D:0098H         PUBLIC        SCON
  D:0088H         PUBLIC        TCON
  D:00F0H         PUBLIC        B
  C:31DCH         PUBLIC        DisplayRTC
  D:00E0H         PUBLIC        ACC
  C:38C2H         PUBLIC        ReadRTC
  B:00D0H.5       PUBLIC        F0
  C:32F3H         PUBLIC        WriteRTC
  D:00D0H         PUBLIC        PSW
  D:0094H         PUBLIC        P0M0
  -------         PROC          RTC_INIT
  -------         DO            
  D:0007H         SYMBOL        i
  X:0311H         SYMBOL        I2C_InitStructure
  -------         ENDDO         
  C:2296H         LINE#         78
  C:2296H         LINE#         79
  C:2296H         LINE#         83
  C:229CH         LINE#         84
  C:22A0H         LINE#         85
  C:22A5H         LINE#         86
  C:22ABH         LINE#         87
  C:22B4H         LINE#         88
  C:22BCH         LINE#         90
  C:22C2H         LINE#         91
  C:22C8H         LINE#         92
  C:22CEH         LINE#         93
  C:22D4H         LINE#         94
  C:22D7H         LINE#         95
  C:22DCH         LINE#         97
  C:22F7H         LINE#         99
  C:22FAH         LINE#         100
BL51 BANKED LINKER/LOCATER V6.22.2.0                                                  08/25/2021  13:28:12  PAGE 19


  C:22FCH         LINE#         101
  C:230BH         LINE#         102
  C:231AH         LINE#         103
  C:2329H         LINE#         104
  C:232CH         LINE#         105
  C:232CH         LINE#         106
  C:2331H         LINE#         107
  C:2335H         LINE#         108
  C:233BH         LINE#         109
  C:233EH         LINE#         110
  C:233EH         LINE#         112
  C:2341H         LINE#         113
  C:2347H         LINE#         114
  C:234BH         LINE#         116
  C:2350H         LINE#         117
  C:2354H         LINE#         119
  C:2358H         LINE#         120
  C:235CH         LINE#         121
  C:2360H         LINE#         122
  C:2364H         LINE#         123
  -------         ENDPROC       RTC_INIT
  -------         PROC          SAMPLE_RTC
  C:24FEH         LINE#         132
  C:24FEH         LINE#         133
  C:24FEH         LINE#         134
  C:2501H         LINE#         136
  C:2516H         LINE#         137
  C:2516H         LINE#         138
  C:251DH         LINE#         139
  C:2520H         LINE#         140
  C:2523H         LINE#         141
  C:2523H         LINE#         143
  C:2532H         LINE#         144
  C:2532H         LINE#         145
  C:2534H         LINE#         146
  C:2537H         LINE#         147
  C:2537H         LINE#         149
  C:2540H         LINE#         150
  C:2540H         LINE#         151
  C:2544H         LINE#         152
  C:2544H         LINE#         153
  C:2555H         LINE#         154
  C:2558H         LINE#         155
  C:255BH         LINE#         156
  C:255BH         LINE#         157
  C:2563H         LINE#         158
  C:2563H         LINE#         159
  C:2575H         LINE#         160
  C:2578H         LINE#         161
  C:257BH         LINE#         162
  C:257BH         LINE#         163
  C:2583H         LINE#         164
  C:2583H         LINE#         165
  C:2587H         LINE#         166
  C:2598H         LINE#         167
  C:259BH         LINE#         168
  C:259EH         LINE#         169
BL51 BANKED LINKER/LOCATER V6.22.2.0                                                  08/25/2021  13:28:12  PAGE 20


  C:259EH         LINE#         170
  C:25A6H         LINE#         171
  C:25A6H         LINE#         172
  C:25AAH         LINE#         173
  C:25BCH         LINE#         174
  C:25BFH         LINE#         175
  C:25C2H         LINE#         176
  C:25C2H         LINE#         178
  C:25C7H         LINE#         179
  C:25C7H         LINE#         180
  -------         ENDPROC       SAMPLE_RTC
  -------         PROC          DISPLAYRTC
  C:31DCH         LINE#         189
  C:31DCH         LINE#         190
  C:31DCH         LINE#         191
  C:31F5H         LINE#         192
  C:31FBH         LINE#         193
  C:3209H         LINE#         194
  C:320DH         LINE#         195
  C:321AH         LINE#         196
  C:3223H         LINE#         197
  C:3230H         LINE#         198
  C:3239H         LINE#         199
  -------         ENDPROC       DISPLAYRTC
  -------         PROC          READRTC
  -------         DO            
  X:0354H         SYMBOL        tmp
  -------         ENDDO         
  C:38C2H         LINE#         208
  C:38C2H         LINE#         209
  C:38C2H         LINE#         212
  C:38D3H         LINE#         213
  C:38E8H         LINE#         214
  C:38FDH         LINE#         215
  C:3912H         LINE#         216
  -------         ENDPROC       READRTC
  -------         PROC          WRITERTC
  -------         DO            
  X:0357H         SYMBOL        tmp
  -------         ENDDO         
  C:32F3H         LINE#         225
  C:32F3H         LINE#         226
  C:32F3H         LINE#         229
  C:330CH         LINE#         230
  C:3325H         LINE#         231
  C:333EH         LINE#         232
  -------         ENDPROC       WRITERTC
  -------         PROC          IO_KEYDELAY
  -------         DO            
  D:0007H         SYMBOL        i
  -------         ENDDO         
  C:0006H         LINE#         261
  C:0006H         LINE#         262
  C:0006H         LINE#         264
  C:0008H         LINE#         265
  C:000AH         LINE#         266
  -------         ENDPROC       IO_KEYDELAY
BL51 BANKED LINKER/LOCATER V6.22.2.0                                                  08/25/2021  13:28:12  PAGE 21


  -------         PROC          IO_KEYSCAN
  -------         DO            
  D:0006H         SYMBOL        j
  -------         ENDDO         
  C:2AE0H         LINE#         275
  C:2AE0H         LINE#         276
  C:2AE0H         LINE#         279
  C:2AE5H         LINE#         281
  C:2AE8H         LINE#         282
  C:2AEBH         LINE#         283
  C:2AF0H         LINE#         285
  C:2AF3H         LINE#         286
  C:2AF6H         LINE#         287
  C:2B00H         LINE#         288
  C:2B04H         LINE#         290
  C:2B08H         LINE#         291
  C:2B08H         LINE#         292
  C:2B0DH         LINE#         293
  C:2B15H         LINE#         294
  C:2B17H         LINE#         295
  C:2B17H         LINE#         296
  C:2B19H         LINE#         297
  C:2B20H         LINE#         298
  C:2B27H         LINE#         299
  C:2B27H         LINE#         300
  C:2B36H         LINE#         301
  C:2B36H         LINE#         302
  C:2B39H         LINE#         303
  C:2B3BH         LINE#         304
  C:2B3BH         LINE#         305
  C:2B3BH         LINE#         306
  C:2B3EH         LINE#         307
  C:2B3EH         LINE#         308
  C:2B4BH         LINE#         309
  C:2B54H         LINE#         310
  C:2B62H         LINE#         311
  C:2B62H         LINE#         312
  C:2B64H         LINE#         313
  C:2B69H         LINE#         314
  C:2B69H         LINE#         315
  C:2B6CH         LINE#         316
  -------         ENDPROC       IO_KEYSCAN
  -------         ENDMOD        APP_RTC

  -------         MODULE        APP_I2C_PS
  C:0000H         SYMBOL        _ICE_DUMMY_
  D:0093H         PUBLIC        P0M1
  D:0080H         PUBLIC        P0
  D:00B2H         PUBLIC        P3M0
  D:0090H         PUBLIC        P1
  D:00B1H         PUBLIC        P3M1
  D:00A0H         PUBLIC        P2
  D:00B0H         PUBLIC        P3
  D:00CCH         PUBLIC        P6M0
  D:00C0H         PUBLIC        P4
  D:00E2H         PUBLIC        P7M0
  D:00CBH         PUBLIC        P6M1
BL51 BANKED LINKER/LOCATER V6.22.2.0                                                  08/25/2021  13:28:12  PAGE 22


  D:00C8H         PUBLIC        P5
  D:00E8H         PUBLIC        P6
  D:00E1H         PUBLIC        P7M1
  D:00F8H         PUBLIC        P7
  C:21C5H         PUBLIC        Sample_I2C_PS
  D:00BAH         PUBLIC        P_SW2
  D:00A8H         PUBLIC        IE
  D:00B8H         PUBLIC        IP
  D:00D8H         PUBLIC        CCON
  D:0098H         PUBLIC        SCON
  D:0088H         PUBLIC        TCON
  X:0350H         PUBLIC        temp
  D:00F0H         PUBLIC        B
  D:00E0H         PUBLIC        ACC
  C:30B0H         PUBLIC        I2C_PS_init
  D:00D0H         PUBLIC        PSW
  D:0094H         PUBLIC        P0M0
  -------         PROC          I2C_PS_INIT
  -------         DO            
  D:0007H         SYMBOL        i
  X:0317H         SYMBOL        I2C_InitStructure
  -------         ENDDO         
  C:30B0H         LINE#         66
  C:30B0H         LINE#         67
  C:30B0H         LINE#         71
  C:30B6H         LINE#         72
  C:30BCH         LINE#         73
  C:30C2H         LINE#         74
  C:30C8H         LINE#         75
  C:30D0H         LINE#         77
  C:30D5H         LINE#         78
  C:30DAH         LINE#         79
  C:30DEH         LINE#         80
  C:30E4H         LINE#         81
  C:30EDH         LINE#         82
  C:30F5H         LINE#         84
  C:30FAH         LINE#         85
  C:30FCH         LINE#         86
  C:3117H         LINE#         87
  -------         ENDPROC       I2C_PS_INIT
  -------         PROC          SAMPLE_I2C_PS
  C:21C5H         LINE#         96
  C:21C5H         LINE#         97
  C:21C5H         LINE#         98
  C:21C8H         LINE#         100
  C:21CBH         LINE#         101
  C:21CBH         LINE#         102
  C:21CDH         LINE#         103
  C:21D5H         LINE#         104
  C:21DDH         LINE#         105
  C:21E5H         LINE#         106
  C:21EDH         LINE#         107
  C:21EDH         LINE#         109
  C:2205H         LINE#         110
  C:2205H         LINE#         111
  C:220CH         LINE#         112
  C:2212H         LINE#         113
BL51 BANKED LINKER/LOCATER V6.22.2.0                                                  08/25/2021  13:28:12  PAGE 23


  C:221DH         LINE#         115
  C:2231H         LINE#         116
  C:224CH         LINE#         117
  C:225FH         LINE#         118
  C:2269H         LINE#         119
  C:2271H         LINE#         120
  C:2279H         LINE#         121
  C:2281H         LINE#         122
  C:2284H         LINE#         124
  C:2295H         LINE#         125
  C:2295H         LINE#         126
  -------         ENDPROC       SAMPLE_I2C_PS
  -------         ENDMOD        APP_I2C_PS

  -------         MODULE        APP_SPI_PS
  C:0000H         SYMBOL        _ICE_DUMMY_
  D:0096H         PUBLIC        P2M0
  D:0080H         PUBLIC        P0
  D:0095H         PUBLIC        P2M1
  D:0090H         PUBLIC        P1
  D:00A0H         PUBLIC        P2
  D:00B0H         PUBLIC        P3
  D:00C0H         PUBLIC        P4
  D:00C8H         PUBLIC        P5
  B:00A0H.2       PUBLIC        SPI_SS_2
  D:00E8H         PUBLIC        P6
  D:00F8H         PUBLIC        P7
  C:33ABH         PUBLIC        SPI_PS_init
  D:00A8H         PUBLIC        IE
  D:00B8H         PUBLIC        IP
  D:00D8H         PUBLIC        CCON
  D:0098H         PUBLIC        SCON
  D:0088H         PUBLIC        TCON
  C:2815H         PUBLIC        Sample_SPI_PS
  D:00F0H         PUBLIC        B
  D:00E0H         PUBLIC        ACC
  D:00D0H         PUBLIC        PSW
  -------         PROC          SPI_PS_INIT
  -------         DO            
  X:024FH         SYMBOL        SPI_InitStructure
  X:0256H         SYMBOL        COMx_InitStructure
  -------         ENDDO         
  C:33ABH         LINE#         70
  C:33ABH         LINE#         71
  C:33ABH         LINE#         75
  C:33B1H         LINE#         76
  C:33B5H         LINE#         77
  C:33BDH         LINE#         78
  C:33C3H         LINE#         79
  C:33C6H         LINE#         80
  C:33D1H         LINE#         81
  C:33D8H         LINE#         83
  C:33DEH         LINE#         84
  C:33E0H         LINE#         85
  C:33E3H         LINE#         86
  C:33E5H         LINE#         87
  C:33E7H         LINE#         88
BL51 BANKED LINKER/LOCATER V6.22.2.0                                                  08/25/2021  13:28:12  PAGE 24


  C:33EAH         LINE#         89
  C:33EDH         LINE#         90
  C:33F6H         LINE#         91
  C:33FDH         LINE#         93
  C:3403H         LINE#         95
  C:3405H         LINE#         96
  -------         ENDPROC       SPI_PS_INIT
  -------         PROC          SAMPLE_SPI_PS
  -------         DO            
  X:0365H         SYMBOL        i
  -------         ENDDO         
  C:2815H         LINE#         105
  C:2815H         LINE#         106
  C:2815H         LINE#         109
  C:2822H         LINE#         110
  C:2822H         LINE#         111
  C:2827H         LINE#         112
  C:2827H         LINE#         113
  C:2834H         LINE#         114
  C:2834H         LINE#         115
  C:283AH         LINE#         116
  C:283AH         LINE#         117
  C:283AH         LINE#         118
  C:283AH         LINE#         119
  C:2843H         LINE#         120
  C:2843H         LINE#         121
  C:2845H         LINE#         122
  C:284AH         LINE#         123
  C:285DH         LINE#         124
  C:285DH         LINE#         125
  C:286CH         LINE#         126
  C:2874H         LINE#         127
  C:2876H         LINE#         128
  C:287BH         LINE#         129
  C:2880H         LINE#         130
  C:2884H         LINE#         131
  C:2884H         LINE#         133
  C:2891H         LINE#         134
  C:2891H         LINE#         135
  C:2896H         LINE#         136
  C:2896H         LINE#         137
  C:28A3H         LINE#         138
  C:28A3H         LINE#         139
  C:28CDH         LINE#         140
  C:28CDH         LINE#         141
  C:28D2H         LINE#         142
  C:28D2H         LINE#         143
  C:28D2H         LINE#         144
  -------         ENDPROC       SAMPLE_SPI_PS
  -------         ENDMOD        APP_SPI_PS

  -------         MODULE        APP_WDT
  C:0000H         SYMBOL        _ICE_DUMMY_
  D:0080H         PUBLIC        P0
  D:0090H         PUBLIC        P1
  D:00A0H         PUBLIC        P2
  D:00B0H         PUBLIC        P3
BL51 BANKED LINKER/LOCATER V6.22.2.0                                                  08/25/2021  13:28:12  PAGE 25


  D:00C0H         PUBLIC        P4
  D:00C8H         PUBLIC        P5
  D:00E8H         PUBLIC        P6
  C:406FH         PUBLIC        WDT_init
  D:00F8H         PUBLIC        P7
  D:00A8H         PUBLIC        IE
  D:00B8H         PUBLIC        IP
  D:00D8H         PUBLIC        CCON
  D:0098H         PUBLIC        SCON
  D:0088H         PUBLIC        TCON
  C:3CAEH         PUBLIC        Sample_WDT
  D:00F0H         PUBLIC        B
  D:00E0H         PUBLIC        ACC
  D:00D0H         PUBLIC        PSW
  -------         PROC          WDT_INIT
  -------         DO            
  X:035AH         SYMBOL        WDT_InitStructure
  -------         ENDDO         
  C:406FH         LINE#         53
  C:406FH         LINE#         54
  C:406FH         LINE#         57
  C:4075H         LINE#         58
  C:4078H         LINE#         59
  C:407CH         LINE#         60
  C:4085H         LINE#         62
  C:408CH         LINE#         63
  C:4090H         LINE#         64
  -------         ENDPROC       WDT_INIT
  -------         PROC          SAMPLE_WDT
  C:3CAEH         LINE#         73
  C:3CAEH         LINE#         74
  C:3CAEH         LINE#         75
  C:3CBBH         LINE#         76
  C:3CBEH         LINE#         78
  C:3CD3H         LINE#         79
  C:3CD3H         LINE#         80
  C:3CDAH         LINE#         81
  C:3CE0H         LINE#         82
  C:3CE0H         LINE#         83
  -------         ENDPROC       SAMPLE_WDT
  -------         ENDMOD        APP_WDT

  -------         MODULE        APP_EEPROM
  C:0000H         SYMBOL        _ICE_DUMMY_
  D:0080H         PUBLIC        P0
  D:0090H         PUBLIC        P1
  D:00A0H         PUBLIC        P2
  D:00B0H         PUBLIC        P3
  D:00C0H         PUBLIC        P4
  C:3EBAH         PUBLIC        GetDataLength
  D:00C8H         PUBLIC        P5
  D:00E8H         PUBLIC        P6
  D:00F8H         PUBLIC        P7
  D:00A8H         PUBLIC        IE
  C:1010H         PUBLIC        Sample_EEPROM
  D:00B8H         PUBLIC        IP
  D:00D8H         PUBLIC        CCON
BL51 BANKED LINKER/LOCATER V6.22.2.0                                                  08/25/2021  13:28:12  PAGE 26


  D:0098H         PUBLIC        SCON
  D:0088H         PUBLIC        TCON
  D:00F0H         PUBLIC        B
  D:00E0H         PUBLIC        ACC
  X:01AFH         PUBLIC        tmp
  C:3AD7H         PUBLIC        _CheckData
  C:3913H         PUBLIC        EEPROM_init
  C:386EH         PUBLIC        GetAddress
  D:00D0H         PUBLIC        PSW
  -------         PROC          EEPROM_INIT
  -------         DO            
  X:02BBH         SYMBOL        COMx_InitStructure
  -------         ENDDO         
  C:3913H         LINE#         71
  C:3913H         LINE#         72
  C:3913H         LINE#         75
  C:3919H         LINE#         76
  C:391DH         LINE#         77
  C:3925H         LINE#         78
  C:392BH         LINE#         79
  C:392EH         LINE#         80
  C:3939H         LINE#         81
  C:3940H         LINE#         83
  C:3949H         LINE#         84
  C:3952H         LINE#         85
  C:395BH         LINE#         86
  -------         ENDPROC       EEPROM_INIT
  C:3ACEH         SYMBOL        L?0047
  -------         PROC          L?0046
  -------         ENDPROC       L?0046
  C:3ACEH         SYMBOL        L?0047
  -------         PROC          _CHECKDATA
  D:0007H         SYMBOL        dat
  C:3AD7H         LINE#         96
  C:3AD7H         LINE#         97
  C:3AD7H         LINE#         98
  C:3AE9H         LINE#         99
  C:3AFAH         LINE#         100
  C:3B0BH         LINE#         101
  C:3B0DH         LINE#         102
  -------         ENDPROC       _CHECKDATA
  -------         PROC          GETADDRESS
  -------         DO            
  D:0002H         SYMBOL        address
  D:0004H         SYMBOL        i
  D:0005H         SYMBOL        j
  -------         ENDDO         
  C:386EH         LINE#         111
  C:386EH         LINE#         112
  C:386EH         LINE#         116
  C:3871H         LINE#         117
  C:387FH         LINE#         118
  C:387FH         LINE#         119
  C:388BH         LINE#         120
  C:388BH         LINE#         121
  C:3893H         LINE#         122
  C:389FH         LINE#         123
BL51 BANKED LINKER/LOCATER V6.22.2.0                                                  08/25/2021  13:28:12  PAGE 27


  C:38B5H         LINE#         124
  C:38B8H         LINE#         125
  C:38BDH         LINE#         126
  C:38BDH         LINE#         127
  C:38C1H         LINE#         128
  -------         ENDPROC       GETADDRESS
  -------         PROC          GETDATALENGTH
  -------         DO            
  D:0005H         SYMBOL        i
  D:0006H         SYMBOL        length
  -------         ENDDO         
  C:3EBAH         LINE#         137
  C:3EBAH         LINE#         138
  C:3EBAH         LINE#         142
  C:3EBCH         LINE#         143
  C:3EC8H         LINE#         144
  C:3EC8H         LINE#         145
  C:3ED5H         LINE#         146
  C:3EDFH         LINE#         147
  C:3EE2H         LINE#         148
  C:3EE4H         LINE#         149
  -------         ENDPROC       GETDATALENGTH
  -------         PROC          SAMPLE_EEPROM
  -------         DO            
  X:032EH         SYMBOL        i
  X:032FH         SYMBOL        j
  X:0330H         SYMBOL        addr
  X:0332H         SYMBOL        status
  -------         ENDDO         
  C:1010H         LINE#         158
  C:1010H         LINE#         159
  C:1010H         LINE#         164
  C:1020H         LINE#         165
  C:1020H         LINE#         166
  C:1028H         LINE#         167
  C:1028H         LINE#         168
  C:1051H         LINE#         170
  C:1057H         LINE#         171
  C:1072H         LINE#         172
  C:1072H         LINE#         173
  C:1084H         LINE#         174
  C:1084H         LINE#         175
  C:10B9H         LINE#         176
  C:10C1H         LINE#         177
  C:10CCH         LINE#         178
  C:10DDH         LINE#         179
  C:10DDH         LINE#         180
  C:10E4H         LINE#         181
  C:10E4H         LINE#         182
  C:10EFH         LINE#         183
  C:10F5H         LINE#         184
  C:10F5H         LINE#         185
  C:10F8H         LINE#         187
  C:110EH         LINE#         188
  C:110EH         LINE#         189
  C:1118H         LINE#         190
  C:1124H         LINE#         192
BL51 BANKED LINKER/LOCATER V6.22.2.0                                                  08/25/2021  13:28:12  PAGE 28


  C:1142H         LINE#         193
  C:114BH         LINE#         194
  C:116FH         LINE#         195
  C:1193H         LINE#         196
  C:11A3H         LINE#         197
  C:11ACH         LINE#         198
  C:11ACH         LINE#         199
  C:11AFH         LINE#         201
  C:11C5H         LINE#         202
  C:11C5H         LINE#         203
  C:11CDH         LINE#         204
  C:11D9H         LINE#         205
  C:11E9H         LINE#         206
  C:11E9H         LINE#         207
  C:11F2H         LINE#         208
  C:1200H         LINE#         209
  C:1210H         LINE#         210
  C:1219H         LINE#         211
  C:1237H         LINE#         212
  C:1261H         LINE#         213
  C:1266H         LINE#         214
  C:126BH         LINE#         215
  C:1270H         LINE#         216
  C:1270H         LINE#         217
  C:1270H         LINE#         218
  C:1270H         LINE#         219
  C:1270H         LINE#         220
  C:127FH         LINE#         221
  C:1284H         LINE#         222
  C:1284H         LINE#         223
  C:1284H         LINE#         224
  -------         ENDPROC       SAMPLE_EEPROM
  -------         ENDMOD        APP_EEPROM

  -------         MODULE        APP_PWMA_OUTPUT
  C:0000H         SYMBOL        _ICE_DUMMY_
  D:0080H         PUBLIC        P0
  D:0090H         PUBLIC        P1
  D:00B4H         PUBLIC        P4M0
  D:00A0H         PUBLIC        P2
  B:0020H.0       PUBLIC        PWM1_Flag
  D:00B3H         PUBLIC        P4M1
  D:00B0H         PUBLIC        P3
  B:0020H.1       PUBLIC        PWM2_Flag
  D:00CCH         PUBLIC        P6M0
  D:00C0H         PUBLIC        P4
  B:0020H.2       PUBLIC        PWM3_Flag
  D:00CBH         PUBLIC        P6M1
  D:00C8H         PUBLIC        P5
  B:0020H.3       PUBLIC        PWM4_Flag
  D:00E8H         PUBLIC        P6
  D:00F8H         PUBLIC        P7
  D:00A8H         PUBLIC        IE
  D:00B8H         PUBLIC        IP
  D:00D8H         PUBLIC        CCON
  B:00C0H.0       PUBLIC        P40
  D:0098H         PUBLIC        SCON
BL51 BANKED LINKER/LOCATER V6.22.2.0                                                  08/25/2021  13:28:12  PAGE 29


  D:0088H         PUBLIC        TCON
  X:025FH         PUBLIC        PWMA_Duty
  D:00F0H         PUBLIC        B
  C:1C6FH         PUBLIC        PWMA_Output_init
  D:00E0H         PUBLIC        ACC
  C:1A51H         PUBLIC        Sample_PWMA_Output
  D:00D0H         PUBLIC        PSW
  -------         PROC          PWMA_OUTPUT_INIT
  -------         DO            
  X:02C4H         SYMBOL        PWMx_InitStructure
  -------         ENDDO         
  C:1C6FH         LINE#         67
  C:1C6FH         LINE#         68
  C:1C6FH         LINE#         71
  C:1C78H         LINE#         72
  C:1C7FH         LINE#         73
  C:1C86H         LINE#         74
  C:1C8DH         LINE#         76
  C:1C93H         LINE#         77
  C:1CA2H         LINE#         78
  C:1CA8H         LINE#         79
  C:1CB3H         LINE#         81
  C:1CB9H         LINE#         82
  C:1CC8H         LINE#         83
  C:1CCEH         LINE#         84
  C:1CD9H         LINE#         86
  C:1CDFH         LINE#         87
  C:1CEEH         LINE#         88
  C:1CF4H         LINE#         89
  C:1CFFH         LINE#         91
  C:1D05H         LINE#         92
  C:1D14H         LINE#         93
  C:1D1AH         LINE#         94
  C:1D25H         LINE#         96
  C:1D2FH         LINE#         97
  C:1D34H         LINE#         98
  C:1D39H         LINE#         99
  C:1D3DH         LINE#         100
  C:1D47H         LINE#         102
  C:1D4DH         LINE#         103
  C:1D53H         LINE#         104
  C:1D5BH         LINE#         105
  C:1D5DH         LINE#         106
  -------         ENDPROC       PWMA_OUTPUT_INIT
  -------         PROC          SAMPLE_PWMA_OUTPUT
  C:1A51H         LINE#         115
  C:1A51H         LINE#         116
  C:1A51H         LINE#         117
  C:1A54H         LINE#         118
  C:1A54H         LINE#         119
  C:1A62H         LINE#         120
  C:1A73H         LINE#         121
  C:1A75H         LINE#         123
  C:1A75H         LINE#         124
  C:1A83H         LINE#         125
  C:1A92H         LINE#         126
  C:1A92H         LINE#         128
BL51 BANKED LINKER/LOCATER V6.22.2.0                                                  08/25/2021  13:28:12  PAGE 30


  C:1A95H         LINE#         129
  C:1A95H         LINE#         130
  C:1AA3H         LINE#         131
  C:1AB4H         LINE#         132
  C:1AB6H         LINE#         134
  C:1AB6H         LINE#         135
  C:1AC4H         LINE#         136
  C:1AD3H         LINE#         137
  C:1AD3H         LINE#         139
  C:1AD6H         LINE#         140
  C:1AD6H         LINE#         141
  C:1AE4H         LINE#         142
  C:1AF5H         LINE#         143
  C:1AF7H         LINE#         145
  C:1AF7H         LINE#         146
  C:1B05H         LINE#         147
  C:1B14H         LINE#         148
  C:1B14H         LINE#         150
  C:1B17H         LINE#         151
  C:1B17H         LINE#         152
  C:1B25H         LINE#         153
  C:1B36H         LINE#         154
  C:1B38H         LINE#         156
  C:1B38H         LINE#         157
  C:1B46H         LINE#         158
  C:1B55H         LINE#         159
  C:1B55H         LINE#         161
  -------         ENDPROC       SAMPLE_PWMA_OUTPUT
  -------         ENDMOD        APP_PWMA_OUTPUT

  -------         MODULE        APP_PWMB_OUTPUT
  C:0000H         SYMBOL        _ICE_DUMMY_
  D:0093H         PUBLIC        P0M1
  D:0080H         PUBLIC        P0
  D:0090H         PUBLIC        P1
  D:00A0H         PUBLIC        P2
  D:00B0H         PUBLIC        P3
  D:00C0H         PUBLIC        P4
  D:00C8H         PUBLIC        P5
  D:00E8H         PUBLIC        P6
  B:0020H.4       PUBLIC        PWM5_Flag
  D:00F8H         PUBLIC        P7
  B:0020H.5       PUBLIC        PWM6_Flag
  B:0020H.6       PUBLIC        PWM7_Flag
  B:0020H.7       PUBLIC        PWM8_Flag
  D:00A8H         PUBLIC        IE
  D:00B8H         PUBLIC        IP
  D:00D8H         PUBLIC        CCON
  D:0098H         PUBLIC        SCON
  D:0088H         PUBLIC        TCON
  X:026FH         PUBLIC        PWMB_Duty
  D:00F0H         PUBLIC        B
  C:1E45H         PUBLIC        PWMB_Output_init
  D:00E0H         PUBLIC        ACC
  C:1B60H         PUBLIC        Sample_PWMB_Output
  D:00D0H         PUBLIC        PSW
  D:0094H         PUBLIC        P0M0
BL51 BANKED LINKER/LOCATER V6.22.2.0                                                  08/25/2021  13:28:12  PAGE 31


  -------         PROC          PWMB_OUTPUT_INIT
  -------         DO            
  X:02CDH         SYMBOL        PWMx_InitStructure
  -------         ENDDO         
  C:1E45H         LINE#         65
  C:1E45H         LINE#         66
  C:1E45H         LINE#         69
  C:1E4EH         LINE#         70
  C:1E55H         LINE#         71
  C:1E5CH         LINE#         72
  C:1E63H         LINE#         74
  C:1E69H         LINE#         75
  C:1E78H         LINE#         76
  C:1E7EH         LINE#         77
  C:1E88H         LINE#         79
  C:1E8EH         LINE#         80
  C:1E9DH         LINE#         81
  C:1EA3H         LINE#         82
  C:1EAEH         LINE#         84
  C:1EB4H         LINE#         85
  C:1EC3H         LINE#         86
  C:1EC9H         LINE#         87
  C:1ED4H         LINE#         89
  C:1EDAH         LINE#         90
  C:1EE9H         LINE#         91
  C:1EEFH         LINE#         92
  C:1EFAH         LINE#         94
  C:1F04H         LINE#         95
  C:1F09H         LINE#         96
  C:1F0EH         LINE#         97
  C:1F12H         LINE#         98
  C:1F1CH         LINE#         100
  C:1F24H         LINE#         101
  C:1F2AH         LINE#         102
  -------         ENDPROC       PWMB_OUTPUT_INIT
  -------         PROC          SAMPLE_PWMB_OUTPUT
  C:1B60H         LINE#         111
  C:1B60H         LINE#         112
  C:1B60H         LINE#         113
  C:1B63H         LINE#         114
  C:1B63H         LINE#         115
  C:1B71H         LINE#         116
  C:1B82H         LINE#         117
  C:1B84H         LINE#         119
  C:1B84H         LINE#         120
  C:1B92H         LINE#         121
  C:1BA1H         LINE#         122
  C:1BA1H         LINE#         124
  C:1BA4H         LINE#         125
  C:1BA4H         LINE#         126
  C:1BB2H         LINE#         127
  C:1BC3H         LINE#         128
  C:1BC5H         LINE#         130
  C:1BC5H         LINE#         131
  C:1BD3H         LINE#         132
  C:1BE2H         LINE#         133
  C:1BE2H         LINE#         135
BL51 BANKED LINKER/LOCATER V6.22.2.0                                                  08/25/2021  13:28:12  PAGE 32


  C:1BE5H         LINE#         136
  C:1BE5H         LINE#         137
  C:1BF3H         LINE#         138
  C:1C04H         LINE#         139
  C:1C06H         LINE#         141
  C:1C06H         LINE#         142
  C:1C14H         LINE#         143
[...]
  B:0098H.0       PUBLIC        RI
  B:0098H.1       PUBLIC        TI
  D:00D8H         PUBLIC        CCON
  D:0099H         PUBLIC        SBUF
  D:0098H         PUBLIC        SCON
  D:0088H         PUBLIC        TCON
  D:00F0H         PUBLIC        B
  D:00E0H         PUBLIC        ACC
  C:361AH         PUBLIC        UART1_ISR_Handler
  C:334FH         PUBLIC        UART2_ISR_Handler
  D:009BH         PUBLIC        S2BUF
  D:009AH         PUBLIC        S2CON
  D:00D0H         PUBLIC        PSW
  -------         PROC          UART1_ISR_HANDLER
  C:361AH         LINE#         23
  C:3627H         LINE#         25
  C:362AH         LINE#         26
  C:362AH         LINE#         27
  C:362CH         LINE#         28
  C:3632H         LINE#         29
  C:3632H         LINE#         30
  C:3641H         LINE#         31
  C:3655H         LINE#         32
  C:365BH         LINE#         33
  C:365BH         LINE#         34
  C:365BH         LINE#         36
  C:365EH         LINE#         37
  C:365EH         LINE#         38
  C:3660H         LINE#         39
  C:3665H         LINE#         47
  C:3665H         LINE#         48
  -------         ENDPROC       UART1_ISR_HANDLER
  -------         PROC          UART2_ISR_HANDLER
  C:334FH         LINE#         59
  C:335CH         LINE#         61
  C:3361H         LINE#         62
  C:3361H         LINE#         63
  C:3364H         LINE#         64
  C:336AH         LINE#         65
  C:336AH         LINE#         66
  C:3379H         LINE#         67
  C:338DH         LINE#         68
  C:3393H         LINE#         69
  C:3393H         LINE#         70
  C:3393H         LINE#         72
  C:3398H         LINE#         73
  C:3398H         LINE#         74
BL51 BANKED LINKER/LOCATER V6.22.2.0                                                  08/25/2021  13:28:12  PAGE 80


  C:339BH         LINE#         75
  C:33A0H         LINE#         83
  C:33A0H         LINE#         84
  -------         ENDPROC       UART2_ISR_HANDLER
  -------         ENDMOD        STC8G_H_UART_ISR

  -------         MODULE        STC8G_PCA_ISR
  C:0000H         SYMBOL        _ICE_DUMMY_
  B:00D8H.2       PUBLIC        CCF2
  D:0080H         PUBLIC        P0
  D:0090H         PUBLIC        P1
  D:00A0H         PUBLIC        P2
  D:00B0H         PUBLIC        P3
  D:00C0H         PUBLIC        P4
  D:00C8H         PUBLIC        P5
  X:029CH         PUBLIC        CAP0_Old
  D:00E8H         PUBLIC        P6
  X:029EH         PUBLIC        CAP1_Old
  D:00F8H         PUBLIC        P7
  X:02A0H         PUBLIC        CAP2_Old
  B:00D8H.7       PUBLIC        CF
  D:00A8H         PUBLIC        IE
  X:02A2H         PUBLIC        CAP0_New
  D:00FAH         PUBLIC        CCAP0H
  X:02A4H         PUBLIC        CAP1_New
  D:00FBH         PUBLIC        CCAP1H
  X:02A6H         PUBLIC        CAP2_New
  D:00FCH         PUBLIC        CCAP2H
  D:00EAH         PUBLIC        CCAP0L
  D:00EBH         PUBLIC        CCAP1L
  D:00DAH         PUBLIC        CCAPM0
  D:00ECH         PUBLIC        CCAP2L
  D:00DBH         PUBLIC        CCAPM1
  D:00DCH         PUBLIC        CCAPM2
  D:00B8H         PUBLIC        IP
  D:00D8H         PUBLIC        CCON
  D:0098H         PUBLIC        SCON
  D:0088H         PUBLIC        TCON
  D:00F0H         PUBLIC        B
  C:14EBH         PUBLIC        PCA_ISR_Handler
  D:00E0H         PUBLIC        ACC
  D:00D0H         PUBLIC        PSW
  B:00D8H.0       PUBLIC        CCF0
  B:00D8H.1       PUBLIC        CCF1
  -------         PROC          PCA_ISR_HANDLER
  C:14EBH         LINE#         29
  C:14FEH         LINE#         31
  C:1501H         LINE#         32
  C:1501H         LINE#         33
  C:1503H         LINE#         35
  C:150FH         LINE#         36
  C:150FH         LINE#         37
  C:1523H         LINE#         38
  C:1529H         LINE#         39
  C:152CH         LINE#         40
  C:152EH         LINE#         41
  C:1534H         LINE#         42
BL51 BANKED LINKER/LOCATER V6.22.2.0                                                  08/25/2021  13:28:12  PAGE 81


  C:1534H         LINE#         43
  C:1543H         LINE#         44
  C:154DH         LINE#         45
  C:155FH         LINE#         46
  C:157AH         LINE#         47
  C:157CH         LINE#         48
  C:157CH         LINE#         49
  C:157CH         LINE#         51
  C:157FH         LINE#         52
  C:157FH         LINE#         53
  C:1581H         LINE#         55
  C:158DH         LINE#         56
  C:158DH         LINE#         57
  C:15A1H         LINE#         58
  C:15A7H         LINE#         59
  C:15AAH         LINE#         60
  C:15ACH         LINE#         61
  C:15B2H         LINE#         62
  C:15B2H         LINE#         63
  C:15C1H         LINE#         64
  C:15CBH         LINE#         65
  C:15DDH         LINE#         66
  C:15F8H         LINE#         67
  C:15FAH         LINE#         68
  C:15FAH         LINE#         69
  C:15FAH         LINE#         71
  C:15FDH         LINE#         72
  C:15FDH         LINE#         73
  C:15FFH         LINE#         75
  C:160BH         LINE#         76
  C:160BH         LINE#         77
  C:161FH         LINE#         78
  C:1625H         LINE#         79
  C:1628H         LINE#         80
  C:162AH         LINE#         81
  C:1630H         LINE#         82
  C:1630H         LINE#         83
  C:163FH         LINE#         84
  C:1649H         LINE#         85
  C:165BH         LINE#         86
  C:1676H         LINE#         87
  C:1678H         LINE#         88
  C:1678H         LINE#         89
  C:1678H         LINE#         91
  C:167BH         LINE#         92
  C:167BH         LINE#         93
  C:167DH         LINE#         95
  C:167DH         LINE#         97
  -------         ENDPROC       PCA_ISR_HANDLER
  -------         ENDMOD        STC8G_PCA_ISR

  -------         MODULE        STC8G_PWM15BIT_ISR
  C:0000H         SYMBOL        _ICE_DUMMY_
  D:0080H         PUBLIC        P0
  D:0090H         PUBLIC        P1
  D:00A0H         PUBLIC        P2
  D:00B0H         PUBLIC        P3
BL51 BANKED LINKER/LOCATER V6.22.2.0                                                  08/25/2021  13:28:12  PAGE 82


  D:00C0H         PUBLIC        P4
  D:00C8H         PUBLIC        P5
  D:00E8H         PUBLIC        P6
  D:00F8H         PUBLIC        P7
  D:00BAH         PUBLIC        P_SW2
  D:00A8H         PUBLIC        IE
  C:3D76H         PUBLIC        PWM0_ISR_Handler
  C:3DA5H         PUBLIC        PWM1_ISR_Handler
  D:00B8H         PUBLIC        IP
  C:3DD4H         PUBLIC        PWM2_ISR_Handler
  C:3E03H         PUBLIC        PWM3_ISR_Handler
  C:3E32H         PUBLIC        PWM4_ISR_Handler
  D:00D8H         PUBLIC        CCON
  D:00F6H         PUBLIC        PWMCFG01
  D:00F7H         PUBLIC        PWMCFG23
  D:00FEH         PUBLIC        PWMCFG45
  D:0098H         PUBLIC        SCON
  D:0088H         PUBLIC        TCON
  D:00F0H         PUBLIC        B
  D:00E0H         PUBLIC        ACC
  D:00D0H         PUBLIC        PSW
  -------         PROC          PWM0_ISR_HANDLER
  -------         DO            
  D:0007H         SYMBOL        store
  -------         ENDDO         
  C:3D76H         LINE#         22
  C:3D83H         LINE#         25
  C:3D85H         LINE#         26
  C:3D88H         LINE#         28
  C:3D8DH         LINE#         29
  C:3D8DH         LINE#         30
  C:3D90H         LINE#         32
  C:3D90H         LINE#         33
  C:3D96H         LINE#         34
  C:3D96H         LINE#         35
  C:3D98H         LINE#         37
  C:3D98H         LINE#         38
  C:3D9AH         LINE#         39
  -------         ENDPROC       PWM0_ISR_HANDLER
  -------         PROC          PWM1_ISR_HANDLER
  -------         DO            
  D:0007H         SYMBOL        store
  -------         ENDDO         
  C:3DA5H         LINE#         48
  C:3DB2H         LINE#         51
  C:3DB4H         LINE#         52
  C:3DB7H         LINE#         54
  C:3DBCH         LINE#         55
  C:3DBCH         LINE#         56
  C:3DBFH         LINE#         58
  C:3DBFH         LINE#         59
  C:3DC5H         LINE#         60
  C:3DC5H         LINE#         61
  C:3DC7H         LINE#         63
  C:3DC7H         LINE#         64
  C:3DC9H         LINE#         65
  -------         ENDPROC       PWM1_ISR_HANDLER
BL51 BANKED LINKER/LOCATER V6.22.2.0                                                  08/25/2021  13:28:12  PAGE 83


  -------         PROC          PWM2_ISR_HANDLER
  -------         DO            
  D:0007H         SYMBOL        store
  -------         ENDDO         
  C:3DD4H         LINE#         74
  C:3DE1H         LINE#         77
  C:3DE3H         LINE#         78
  C:3DE6H         LINE#         80
  C:3DEBH         LINE#         81
  C:3DEBH         LINE#         82
  C:3DEEH         LINE#         84
  C:3DEEH         LINE#         85
  C:3DF4H         LINE#         86
  C:3DF4H         LINE#         87
  C:3DF6H         LINE#         89
  C:3DF6H         LINE#         90
  C:3DF8H         LINE#         91
  -------         ENDPROC       PWM2_ISR_HANDLER
  -------         PROC          PWM3_ISR_HANDLER
  -------         DO            
  D:0007H         SYMBOL        store
  -------         ENDDO         
  C:3E03H         LINE#         100
  C:3E10H         LINE#         103
  C:3E12H         LINE#         104
  C:3E15H         LINE#         106
  C:3E1AH         LINE#         107
  C:3E1AH         LINE#         108
  C:3E1DH         LINE#         110
  C:3E1DH         LINE#         111
  C:3E23H         LINE#         112
  C:3E23H         LINE#         113
  C:3E25H         LINE#         115
  C:3E25H         LINE#         116
  C:3E27H         LINE#         117
  -------         ENDPROC       PWM3_ISR_HANDLER
  -------         PROC          PWM4_ISR_HANDLER
  -------         DO            
  D:0007H         SYMBOL        store
  -------         ENDDO         
  C:3E32H         LINE#         126
  C:3E3FH         LINE#         129
  C:3E41H         LINE#         130
  C:3E44H         LINE#         132
  C:3E49H         LINE#         133
  C:3E49H         LINE#         134
  C:3E4CH         LINE#         136
  C:3E4CH         LINE#         137
  C:3E52H         LINE#         138
  C:3E52H         LINE#         139
  C:3E54H         LINE#         141
  C:3E54H         LINE#         142
  C:3E56H         LINE#         143
  -------         ENDPROC       PWM4_ISR_HANDLER
  -------         ENDMOD        STC8G_PWM15BIT_ISR

  -------         MODULE        STC8H_PWM_ISR
BL51 BANKED LINKER/LOCATER V6.22.2.0                                                  08/25/2021  13:28:12  PAGE 84


  C:0000H         SYMBOL        _ICE_DUMMY_
  D:0080H         PUBLIC        P0
  D:0090H         PUBLIC        P1
  D:00A0H         PUBLIC        P2
  D:00B0H         PUBLIC        P3
  D:00C0H         PUBLIC        P4
  D:00C8H         PUBLIC        P5
  D:00E8H         PUBLIC        P6
  D:00F8H         PUBLIC        P7
  D:00A8H         PUBLIC        IE
  D:00B8H         PUBLIC        IP
  D:00D8H         PUBLIC        CCON
  D:0098H         PUBLIC        SCON
  D:0088H         PUBLIC        TCON
  D:00F0H         PUBLIC        B
  D:00E0H         PUBLIC        ACC
  D:00D0H         PUBLIC        PSW
  -------         ENDMOD        STC8H_PWM_ISR

  -------         MODULE        STC8G_H_SPI_ISR
  C:0000H         SYMBOL        _ICE_DUMMY_
  D:0080H         PUBLIC        P0
  D:0090H         PUBLIC        P1
  D:00A0H         PUBLIC        P2
  D:00B0H         PUBLIC        P3
  D:00C0H         PUBLIC        P4
  D:00C8H         PUBLIC        P5
  D:00E8H         PUBLIC        P6
  D:00F8H         PUBLIC        P7
  D:00CEH         PUBLIC        SPCTL
  D:00A8H         PUBLIC        IE
  D:00B8H         PUBLIC        IP
  D:00D8H         PUBLIC        CCON
  D:0098H         PUBLIC        SCON
  D:0088H         PUBLIC        TCON
  X:0367H         PUBLIC        SPI_RxCnt
  D:00F0H         PUBLIC        B
  D:00E0H         PUBLIC        ACC
  C:39B1H         PUBLIC        SPI_ISR_Handler
  D:00CDH         PUBLIC        SPSTAT
  D:00D0H         PUBLIC        PSW
  D:00CFH         PUBLIC        SPDAT
  -------         PROC          SPI_ISR_HANDLER
  C:39B1H         LINE#         28
  C:39BEH         LINE#         30
  C:39C3H         LINE#         31
  C:39C3H         LINE#         32
  C:39C5H         LINE#         33
  C:39C7H         LINE#         35
  C:39C7H         LINE#         36
  C:39D6H         LINE#         37
  C:39EAH         LINE#         38
  C:39F0H         LINE#         39
  C:39F0H         LINE#         40
  C:39F3H         LINE#         41
  -------         ENDPROC       SPI_ISR_HANDLER
  -------         ENDMOD        STC8G_H_SPI_ISR
BL51 BANKED LINKER/LOCATER V6.22.2.0                                                  08/25/2021  13:28:12  PAGE 85



  -------         MODULE        ?C?CLDPTR
  C:07ECH         PUBLIC        ?C?CLDPTR
  -------         ENDMOD        ?C?CLDPTR

  -------         MODULE        ?C?CLDOPTR
  C:0805H         PUBLIC        ?C?CLDOPTR
  -------         ENDMOD        ?C?CLDOPTR

  -------         MODULE        ?C?CSTPTR
  C:0832H         PUBLIC        ?C?CSTPTR
  -------         ENDMOD        ?C?CSTPTR

  -------         MODULE        ?C?UIDIV
  C:0844H         PUBLIC        ?C?UIDIV
  -------         ENDMOD        ?C?UIDIV

  -------         MODULE        ?C?IILDX
  C:0899H         PUBLIC        ?C?IILDX
  -------         ENDMOD        ?C?IILDX

  -------         MODULE        ?C?ILDIX
  C:08AFH         PUBLIC        ?C?ILDIX
  -------         ENDMOD        ?C?ILDIX

  -------         MODULE        ?C?ILDPTR
  C:08C5H         PUBLIC        ?C?ILDPTR
  -------         ENDMOD        ?C?ILDPTR

  -------         MODULE        ?C?ILDOPTR
  C:08F0H         PUBLIC        ?C?ILDOPTR
  -------         ENDMOD        ?C?ILDOPTR

  -------         MODULE        ?C?ULDIV
  C:0964H         PUBLIC        ?C?ULDIV
  -------         ENDMOD        ?C?ULDIV

  -------         MODULE        ?C?SLCMP
  C:09F6H         PUBLIC        ?C?SLCMP
  -------         ENDMOD        ?C?SLCMP

  -------         MODULE        ?C?ULCMP
  C:0A0CH         PUBLIC        ?C?ULCMP
  -------         ENDMOD        ?C?ULCMP

  -------         MODULE        ?C?ULSHR
  C:0A1DH         PUBLIC        ?C?ULSHR
  -------         ENDMOD        ?C?ULSHR

  -------         MODULE        ?C?LLDOPTR0
  C:0A30H         PUBLIC        ?C?LLDOPTR0
  -------         ENDMOD        ?C?LLDOPTR0

  -------         MODULE        ?C?LSTXDATA
  C:0A60H         PUBLIC        ?C?LSTXDATA
  -------         ENDMOD        ?C?LSTXDATA

BL51 BANKED LINKER/LOCATER V6.22.2.0                                                  08/25/2021  13:28:12  PAGE 86


  -------         MODULE        ?C?LSTKXDATA
  C:0A6CH         PUBLIC        ?C?LSTKXDATA
  -------         ENDMOD        ?C?LSTKXDATA

  -------         MODULE        ?C?ICALL
  C:0A9DH         PUBLIC        ?C?ICALL
  C:0AA1H         PUBLIC        ?C?ICALL2
  -------         ENDMOD        ?C?ICALL

  -------         MODULE        ?C?LLDIDATA0
  C:0AA3H         PUBLIC        ?C?LLDIDATA0
  -------         ENDMOD        ?C?LLDIDATA0

  -------         MODULE        ?C?LLDXDATA0
  C:0AB0H         PUBLIC        ?C?LLDXDATA0
  -------         ENDMOD        ?C?LLDXDATA0

  -------         MODULE        ?C?LLDPDATA0
  C:0ABCH         PUBLIC        ?C?LLDPDATA0
  -------         ENDMOD        ?C?LLDPDATA0

  -------         MODULE        ?C?LLDCODE0
  C:0AC9H         PUBLIC        ?C?LLDCODE0
  -------         ENDMOD        ?C?LLDCODE0

*** WARNING L16: UNCALLED SEGMENT, IGNORED FOR OVERLAY PROCESS
    SEGMENT: ?PR?GPIO_CONFIG?SYSTEM_INIT

*** WARNING L16: UNCALLED SEGMENT, IGNORED FOR OVERLAY PROCESS
    SEGMENT: ?PR?ADC_CONFIG?SYSTEM_INIT

*** WARNING L16: UNCALLED SEGMENT, IGNORED FOR OVERLAY PROCESS
    SEGMENT: ?PR?UART_CONFIG?SYSTEM_INIT

*** WARNING L16: UNCALLED SEGMENT, IGNORED FOR OVERLAY PROCESS
    SEGMENT: ?PR?I2C_CONFIG?SYSTEM_INIT

*** WARNING L16: UNCALLED SEGMENT, IGNORED FOR OVERLAY PROCESS
    SEGMENT: ?PR?SPI_CONFIG?SYSTEM_INIT

*** WARNING L16: UNCALLED SEGMENT, IGNORED FOR OVERLAY PROCESS
    SEGMENT: ?PR?CMP_CONFIG?SYSTEM_INIT

*** WARNING L16: UNCALLED SEGMENT, IGNORED FOR OVERLAY PROCESS
    SEGMENT: ?PR?EXTI_CONFIG?SYSTEM_INIT

*** WARNING L16: UNCALLED SEGMENT, IGNORED FOR OVERLAY PROCESS
    SEGMENT: ?PR?INTTOUART_INIT?APP_INT_UART1

*** WARNING L16: UNCALLED SEGMENT, IGNORED FOR OVERLAY PROCESS
    SEGMENT: ?PR?SAMPLE_INTTOUART?APP_INT_UART1

*** WARNING L16: UNCALLED SEGMENT, IGNORED FOR OVERLAY PROCESS
    SEGMENT: ?PR?RTC_INIT?APP_RTC

*** WARNING L16: UNCALLED SEGMENT, IGNORED FOR OVERLAY PROCESS
    SEGMENT: ?PR?SAMPLE_RTC?APP_RTC
BL51 BANKED LINKER/LOCATER V6.22.2.0                                                  08/25/2021  13:28:12  PAGE 87



*** WARNING L16: UNCALLED SEGMENT, IGNORED FOR OVERLAY PROCESS
    SEGMENT: ?PR?I2C_PS_INIT?APP_I2C_PS

*** WARNING L16: UNCALLED SEGMENT, IGNORED FOR OVERLAY PROCESS
    SEGMENT: ?PR?SAMPLE_I2C_PS?APP_I2C_PS

*** WARNING L16: UNCALLED SEGMENT, IGNORED FOR OVERLAY PROCESS
    SEGMENT: ?PR?SPI_PS_INIT?APP_SPI_PS

*** WARNING L16: UNCALLED SEGMENT, IGNORED FOR OVERLAY PROCESS
    SEGMENT: ?PR?SAMPLE_SPI_PS?APP_SPI_PS

*** WARNING L16: UNCALLED SEGMENT, IGNORED FOR OVERLAY PROCESS
    SEGMENT: ?PR?WDT_INIT?APP_WDT

*** WARNING L16: UNCALLED SEGMENT, IGNORED FOR OVERLAY PROCESS
    SEGMENT: ?PR?SAMPLE_WDT?APP_WDT

*** WARNING L16: UNCALLED SEGMENT, IGNORED FOR OVERLAY PROCESS
    SEGMENT: ?PR?EEPROM_INIT?APP_EEPROM

*** WARNING L16: UNCALLED SEGMENT, IGNORED FOR OVERLAY PROCESS
    SEGMENT: ?PR?SAMPLE_EEPROM?APP_EEPROM

*** WARNING L16: UNCALLED SEGMENT, IGNORED FOR OVERLAY PROCESS
    SEGMENT: ?PR?PWMA_OUTPUT_INIT?APP_PWMA_OUTPUT

*** WARNING L16: UNCALLED SEGMENT, IGNORED FOR OVERLAY PROCESS
    SEGMENT: ?PR?SAMPLE_PWMA_OUTPUT?APP_PWMA_OUTPUT

*** WARNING L16: UNCALLED SEGMENT, IGNORED FOR OVERLAY PROCESS
    SEGMENT: ?PR?PWMB_OUTPUT_INIT?APP_PWMB_OUTPUT

*** WARNING L16: UNCALLED SEGMENT, IGNORED FOR OVERLAY PROCESS
    SEGMENT: ?PR?SAMPLE_PWMB_OUTPUT?APP_PWMB_OUTPUT

*** WARNING L16: UNCALLED SEGMENT, IGNORED FOR OVERLAY PROCESS
    SEGMENT: ?PR?PCA_PWM_INIT?APP_PCA_PWM

*** WARNING L16: UNCALLED SEGMENT, IGNORED FOR OVERLAY PROCESS
    SEGMENT: ?PR?SAMPLE_PCA_PWM?APP_PCA_PWM

*** WARNING L16: UNCALLED SEGMENT, IGNORED FOR OVERLAY PROCESS
    SEGMENT: ?PR?PCA_CAPTURE_INIT?APP_PCA_CAPTURE

*** WARNING L16: UNCALLED SEGMENT, IGNORED FOR OVERLAY PROCESS
    SEGMENT: ?PR?SAMPLE_PCA_CAPTURE?APP_PCA_CAPTURE

*** WARNING L16: UNCALLED SEGMENT, IGNORED FOR OVERLAY PROCESS
    SEGMENT: ?PR?PWM15BIT_INIT?APP_PWM15BIT

*** WARNING L16: UNCALLED SEGMENT, IGNORED FOR OVERLAY PROCESS
    SEGMENT: ?PR?SAMPLE_PWM15BIT?APP_PWM15BIT

*** WARNING L16: UNCALLED SEGMENT, IGNORED FOR OVERLAY PROCESS
    SEGMENT: ?PR?_SI2C_READNBYTE?STC8G_H_SOFT_I2C
BL51 BANKED LINKER/LOCATER V6.22.2.0                                                  08/25/2021  13:28:12  PAGE 88



*** WARNING L16: UNCALLED SEGMENT, IGNORED FOR OVERLAY PROCESS
    SEGMENT: ?PR?_PRINTSTRING?STC8G_H_SOFT_UART

*** WARNING L16: UNCALLED SEGMENT, IGNORED FOR OVERLAY PROCESS
    SEGMENT: ?PR?_NVIC_TIMER1_INIT?STC8G_H_NVIC

*** WARNING L16: UNCALLED SEGMENT, IGNORED FOR OVERLAY PROCESS
    SEGMENT: ?PR?_NVIC_TIMER2_INIT?STC8G_H_NVIC

*** WARNING L16: UNCALLED SEGMENT, IGNORED FOR OVERLAY PROCESS
    SEGMENT: ?PR?_NVIC_TIMER3_INIT?STC8G_H_NVIC

*** WARNING L16: UNCALLED SEGMENT, IGNORED FOR OVERLAY PROCESS
    SEGMENT: ?PR?_NVIC_TIMER4_INIT?STC8G_H_NVIC

*** WARNING L16: UNCALLED SEGMENT, IGNORED FOR OVERLAY PROCESS
    SEGMENT: ?PR?_NVIC_UART3_INIT?STC8G_H_NVIC

*** WARNING L16: UNCALLED SEGMENT, IGNORED FOR OVERLAY PROCESS
    SEGMENT: ?PR?_NVIC_UART4_INIT?STC8G_H_NVIC

Program Size: data=11.3 xdata=872 code=17117
LINK/LOCATE RUN COMPLETE.  37 WARNING(S),  0 ERROR(S)
